convex/audit/institutional_audit.ts(16,37): error TS2589: Type instantiation is excessively deep and possibly infinite.
convex/audit/institutional_audit.ts(18,21): error TS2589: Type instantiation is excessively deep and possibly infinite.
convex/audit/institutional_audit.ts(19,13): error TS2589: Type instantiation is excessively deep and possibly infinite.
convex/audit/institutional_audit.ts(20,17): error TS2589: Type instantiation is excessively deep and possibly infinite.
convex/audit/institutional_audit.ts(23,28): error TS2589: Type instantiation is excessively deep and possibly infinite.
convex/audit/institutional_audit.ts(28,12): error TS2589: Type instantiation is excessively deep and possibly infinite.
convex/audit/institutional_audit.ts(102,35): error TS2589: Type instantiation is excessively deep and possibly infinite.
convex/audit/institutional_audit.ts(104,19): error TS2589: Type instantiation is excessively deep and possibly infinite.
convex/audit/institutional_audit.ts(105,13): error TS2589: Type instantiation is excessively deep and possibly infinite.
convex/audit/institutional_audit.ts(106,17): error TS2589: Type instantiation is excessively deep and possibly infinite.
convex/audit/institutional_audit.ts(109,28): error TS2589: Type instantiation is excessively deep and possibly infinite.
convex/audit/institutional_audit.ts(113,12): error TS2589: Type instantiation is excessively deep and possibly infinite.
convex/audit/institutional_audit.ts(189,39): error TS2589: Type instantiation is excessively deep and possibly infinite.
convex/audit/institutional_audit.ts(191,13): error TS2589: Type instantiation is excessively deep and possibly infinite.
convex/audit/institutional_audit.ts(197,17): error TS2589: Type instantiation is excessively deep and possibly infinite.
convex/audit/institutional_audit.ts(202,12): error TS2589: Type instantiation is excessively deep and possibly infinite.
convex/audit/institutional_audit.ts(273,36): error TS2589: Type instantiation is excessively deep and possibly infinite.
convex/audit/institutional_audit.ts(284,17): error TS2589: Type instantiation is excessively deep and possibly infinite.
convex/audit/institutional_audit.ts(285,22): error TS2589: Type instantiation is excessively deep and possibly infinite.
convex/audit/institutional_audit.ts(286,20): error TS2589: Type instantiation is excessively deep and possibly infinite.
convex/audit/institutional_audit.ts(288,28): error TS2589: Type instantiation is excessively deep and possibly infinite.
convex/audit/institutional_audit.ts(290,12): error TS2589: Type instantiation is excessively deep and possibly infinite.
convex/audit/institutional_audit.ts(291,12): error TS2589: Type instantiation is excessively deep and possibly infinite.
convex/audit/institutional_audit.ts(311,45): error TS2589: Type instantiation is excessively deep and possibly infinite.
convex/audit/institutional_audit.ts(313,17): error TS2589: Type instantiation is excessively deep and possibly infinite.
convex/audit/institutional_audit.ts(321,12): error TS2589: Type instantiation is excessively deep and possibly infinite.
convex/audit/institutional_audit.ts(344,29): error TS2589: Type instantiation is excessively deep and possibly infinite.
convex/audit/institutional_audit.ts(344,29): error TS2589: Type instantiation is excessively deep and possibly infinite.
convex/audit/institutional_audit.ts(344,49): error TS2589: Type instantiation is excessively deep and possibly infinite.
convex/audit/institutional_audit.ts(369,42): error TS2589: Type instantiation is excessively deep and possibly infinite.
convex/audit/institutional_audit.ts(371,17): error TS2589: Type instantiation is excessively deep and possibly infinite.
convex/audit/institutional_audit.ts(372,15): error TS2589: Type instantiation is excessively deep and possibly infinite.
convex/audit/institutional_audit.ts(373,16): error TS2589: Type instantiation is excessively deep and possibly infinite.
convex/audit/institutional_audit.ts(374,12): error TS2589: Type instantiation is excessively deep and possibly infinite.
convex/audit/institutional_audit.ts(375,21): error TS2589: Type instantiation is excessively deep and possibly infinite.
convex/audit/institutional_audit.ts(376,19): error TS2589: Type instantiation is excessively deep and possibly infinite.
convex/audit/institutional_audit.ts(377,20): error TS2589: Type instantiation is excessively deep and possibly infinite.
convex/audit/institutional_audit.ts(379,22): error TS2589: Type instantiation is excessively deep and possibly infinite.
convex/audit/institutional_audit.ts(381,17): error TS2589: Type instantiation is excessively deep and possibly infinite.
convex/audit/institutional_audit.ts(382,12): error TS2589: Type instantiation is excessively deep and possibly infinite.
convex/audit/institutional_audit.ts(385,12): error TS2589: Type instantiation is excessively deep and possibly infinite.
convex/audit/institutional_audit.ts(424,42): error TS7006: Parameter 'log' implicitly has an 'any' type.
convex/audit/institutional_audit.ts(425,32): error TS7006: Parameter 'jurisdiction' implicitly has an 'any' type.
convex/audit/institutional_audit.ts(430,42): error TS7006: Parameter 'log' implicitly has an 'any' type.
convex/audit/institutional_audit.ts(431,34): error TS7006: Parameter 'rule' implicitly has an 'any' type.
convex/audit/institutional_audit.ts(486,36): error TS2589: Type instantiation is excessively deep and possibly infinite.
convex/audit/institutional_audit.ts(491,19): error TS2589: Type instantiation is excessively deep and possibly infinite.
convex/audit/institutional_audit.ts(492,20): error TS2589: Type instantiation is excessively deep and possibly infinite.
convex/audit/institutional_audit.ts(492,31): error TS2589: Type instantiation is excessively deep and possibly infinite.
convex/audit/institutional_audit.ts(493,13): error TS2589: Type instantiation is excessively deep and possibly infinite.
convex/audit/institutional_audit.ts(493,21): error TS2589: Type instantiation is excessively deep and possibly infinite.
convex/audit/institutional_audit.ts(493,40): error TS2589: Type instantiation is excessively deep and possibly infinite.
convex/audit/institutional_audit.ts(493,58): error TS2589: Type instantiation is excessively deep and possibly infinite.
convex/audit/institutional_audit.ts(495,12): error TS2589: Type instantiation is excessively deep and possibly infinite.
convex/bridges/axelar_integration.ts(16,39): error TS2589: Type instantiation is excessively deep and possibly infinite.
convex/bridges/axelar_integration.ts(45,30): error TS2339: Property 'db' does not exist on type 'GenericActionCtx<{ users: { document: { _id: Id<"users">; _creationTime: number; name?: string | undefined; email?: string | undefined; phone?: string | undefined; image?: string | undefined; emailVerificationTime?: number | undefined; phoneVerificationTime?: number | undefined; isAnonymous?: boolean | undefined; };...'.
convex/bridges/axelar_integration.ts(69,17): error TS2589: Type instantiation is excessively deep and possibly infinite.
convex/bridges/axelar_integration.ts(109,38): error TS2589: Type instantiation is excessively deep and possibly infinite.
convex/bridges/axelar_integration.ts(111,15): error TS2589: Type instantiation is excessively deep and possibly infinite.
convex/bridges/axelar_integration.ts(112,13): error TS2589: Type instantiation is excessively deep and possibly infinite.
convex/bridges/axelar_integration.ts(113,14): error TS2589: Type instantiation is excessively deep and possibly infinite.
convex/bridges/axelar_integration.ts(117,22): error TS2589: Type instantiation is excessively deep and possibly infinite.
convex/bridges/axelar_integration.ts(117,30): error TS2589: Type instantiation is excessively deep and possibly infinite.
convex/bridges/axelar_integration.ts(117,51): error TS2589: Type instantiation is excessively deep and possibly infinite.
convex/bridges/axelar_integration.ts(118,27): error TS2589: Type instantiation is excessively deep and possibly infinite.
convex/bridges/axelar_integration.ts(118,36): error TS2589: Type instantiation is excessively deep and possibly infinite.
convex/bridges/axelar_integration.ts(124,26): error TS2589: Type instantiation is excessively deep and possibly infinite.
convex/bridges/axelar_integration.ts(124,35): error TS2589: Type instantiation is excessively deep and possibly infinite.
convex/bridges/axelar_integration.ts(131,12): error TS2589: Type instantiation is excessively deep and possibly infinite.
convex/bridges/axelar_integration.ts(134,32): error TS2339: Property 'db' does not exist on type 'GenericActionCtx<any>'.
convex/bridges/axelar_integration.ts(135,31): error TS2339: Property 'db' does not exist on type 'GenericActionCtx<any>'.
convex/bridges/axelar_integration.ts(136,30): error TS2339: Property 'db' does not exist on type 'GenericActionCtx<any>'.
convex/bridges/axelar_integration.ts(257,38): error TS2589: Type instantiation is excessively deep and possibly infinite.
convex/bridges/axelar_integration.ts(259,15): error TS2589: Type instantiation is excessively deep and possibly infinite.
convex/bridges/axelar_integration.ts(260,13): error TS2589: Type instantiation is excessively deep and possibly infinite.
convex/bridges/axelar_integration.ts(264,12): error TS2589: Type instantiation is excessively deep and possibly infinite.
convex/bridges/axelar_integration.ts(267,36): error TS2339: Property 'db' does not exist on type 'GenericActionCtx<any>'.
convex/bridges/axelar_integration.ts(269,17): error TS7006: Parameter 'q' implicitly has an 'any' type.
convex/bridges/axelar_integration.ts(304,24): error TS2589: Type instantiation is excessively deep and possibly infinite.
convex/bridges/axelar_integration.ts(317,35): error TS2589: Type instantiation is excessively deep and possibly infinite.
convex/bridges/axelar_integration.ts(319,13): error TS2589: Type instantiation is excessively deep and possibly infinite.
convex/bridges/axelar_integration.ts(328,12): error TS2589: Type instantiation is excessively deep and possibly infinite.
convex/bridges/axelar_integration.ts(344,40): error TS2589: Type instantiation is excessively deep and possibly infinite.
convex/bridges/axelar_integration.ts(346,15): error TS2589: Type instantiation is excessively deep and possibly infinite.
convex/bridges/axelar_integration.ts(347,13): error TS2589: Type instantiation is excessively deep and possibly infinite.
convex/bridges/axelar_integration.ts(348,14): error TS2589: Type instantiation is excessively deep and possibly infinite.
convex/bridges/axelar_integration.ts(359,12): error TS2589: Type instantiation is excessively deep and possibly infinite.
convex/bridges/axelar_integration.ts(378,35): error TS2589: Type instantiation is excessively deep and possibly infinite.
convex/bridges/axelar_integration.ts(380,15): error TS2589: Type instantiation is excessively deep and possibly infinite.
convex/bridges/axelar_integration.ts(383,12): error TS2589: Type instantiation is excessively deep and possibly infinite.
convex/bridges/axelar_integration.ts(391,47): error TS2589: Type instantiation is excessively deep and possibly infinite.
convex/bridges/axelar_integration.ts(393,13): error TS2589: Type instantiation is excessively deep and possibly infinite.
convex/bridges/axelar_integration.ts(394,14): error TS2589: Type instantiation is excessively deep and possibly infinite.
convex/bridges/axelar_integration.ts(397,17): error TS2589: Type instantiation is excessively deep and possibly infinite.
convex/bridges/axelar_integration.ts(399,12): error TS2589: Type instantiation is excessively deep and possibly infinite.
convex/bridges/axelar_integration.ts(493,32): error TS2589: Type instantiation is excessively deep and possibly infinite.
convex/bridges/axelar_integration.ts(495,15): error TS2589: Type instantiation is excessively deep and possibly infinite.
convex/bridges/axelar_integration.ts(497,12): error TS2589: Type instantiation is excessively deep and possibly infinite.
convex/bridges/axelar_integration.ts(510,47): error TS7006: Parameter 'sum' implicitly has an 'any' type.
convex/bridges/axelar_integration.ts(510,52): error TS7006: Parameter 'tx' implicitly has an 'any' type.
convex/compliance/enhanced_kyc.ts(39,36): error TS2589: Type instantiation is excessively deep and possibly infinite.
convex/compliance/enhanced_kyc.ts(41,17): error TS2589: Type instantiation is excessively deep and possibly infinite.
convex/compliance/enhanced_kyc.ts(42,15): error TS2589: Type instantiation is excessively deep and possibly infinite.
convex/compliance/enhanced_kyc.ts(43,7): error TS2589: Type instantiation is excessively deep and possibly infinite.
convex/compliance/enhanced_kyc.ts(44,7): error TS2589: Type instantiation is excessively deep and possibly infinite.
convex/compliance/enhanced_kyc.ts(45,7): error TS2589: Type instantiation is excessively deep and possibly infinite.
convex/compliance/enhanced_kyc.ts(47,23): error TS2589: Type instantiation is excessively deep and possibly infinite.
convex/compliance/enhanced_kyc.ts(48,7): error TS2589: Type instantiation is excessively deep and possibly infinite.
convex/compliance/enhanced_kyc.ts(49,7): error TS2589: Type instantiation is excessively deep and possibly infinite.
convex/compliance/enhanced_kyc.ts(50,7): error TS2589: Type instantiation is excessively deep and possibly infinite.
convex/compliance/enhanced_kyc.ts(52,20): error TS2589: Type instantiation is excessively deep and possibly infinite.
convex/compliance/enhanced_kyc.ts(54,16): error TS2589: Type instantiation is excessively deep and possibly infinite.
convex/compliance/enhanced_kyc.ts(55,7): error TS2589: Type instantiation is excessively deep and possibly infinite.
convex/compliance/enhanced_kyc.ts(56,7): error TS2589: Type instantiation is excessively deep and possibly infinite.
convex/compliance/enhanced_kyc.ts(57,7): error TS2589: Type instantiation is excessively deep and possibly infinite.
convex/compliance/enhanced_kyc.ts(60,12): error TS2589: Type instantiation is excessively deep and possibly infinite.
convex/compliance/enhanced_kyc.ts(118,40): error TS2589: Type instantiation is excessively deep and possibly infinite.
convex/compliance/enhanced_kyc.ts(120,17): error TS2589: Type instantiation is excessively deep and possibly infinite.
convex/compliance/enhanced_kyc.ts(127,19): error TS2589: Type instantiation is excessively deep and possibly infinite.
convex/compliance/enhanced_kyc.ts(127,28): error TS2589: Type instantiation is excessively deep and possibly infinite.
convex/compliance/enhanced_kyc.ts(128,26): error TS2589: Type instantiation is excessively deep and possibly infinite.
convex/compliance/enhanced_kyc.ts(136,12): error TS2589: Type instantiation is excessively deep and possibly infinite.
convex/compliance/enhanced_kyc.ts(153,44): error TS2589: Type instantiation is excessively deep and possibly infinite.
convex/compliance/enhanced_kyc.ts(155,17): error TS2589: Type instantiation is excessively deep and possibly infinite.
convex/compliance/enhanced_kyc.ts(156,19): error TS2589: Type instantiation is excessively deep and possibly infinite.
convex/compliance/enhanced_kyc.ts(156,28): error TS2589: Type instantiation is excessively deep and possibly infinite.
convex/compliance/enhanced_kyc.ts(160,16): error TS2589: Type instantiation is excessively deep and possibly infinite.
convex/compliance/enhanced_kyc.ts(169,21): error TS2589: Type instantiation is excessively deep and possibly infinite.
convex/compliance/enhanced_kyc.ts(170,7): error TS2589: Type instantiation is excessively deep and possibly infinite.
convex/compliance/enhanced_kyc.ts(171,7): error TS2589: Type instantiation is excessively deep and possibly infinite.
convex/compliance/enhanced_kyc.ts(172,7): error TS2589: Type instantiation is excessively deep and possibly infinite.
convex/compliance/enhanced_kyc.ts(175,12): error TS2589: Type instantiation is excessively deep and possibly infinite.
convex/compliance/enhanced_kyc.ts(259,47): error TS2589: Type instantiation is excessively deep and possibly infinite.
convex/compliance/enhanced_kyc.ts(264,19): error TS2589: Type instantiation is excessively deep and possibly infinite.
convex/compliance/enhanced_kyc.ts(265,7): error TS2589: Type instantiation is excessively deep and possibly infinite.
convex/compliance/enhanced_kyc.ts(266,7): error TS2589: Type instantiation is excessively deep and possibly infinite.
convex/compliance/enhanced_kyc.ts(267,7): error TS2589: Type instantiation is excessively deep and possibly infinite.
convex/compliance/enhanced_kyc.ts(270,12): error TS2589: Type instantiation is excessively deep and possibly infinite.
convex/compliance/institutional_compliance.ts(37,38): error TS2589: Type instantiation is excessively deep and possibly infinite.
convex/compliance/institutional_compliance.ts(39,12): error TS2589: Type instantiation is excessively deep and possibly infinite.
convex/compliance/institutional_compliance.ts(39,21): error TS2589: Type instantiation is excessively deep and possibly infinite.
convex/compliance/institutional_compliance.ts(64,12): error TS2589: Type instantiation is excessively deep and possibly infinite.
convex/compliance/institutional_compliance.ts(129,27): error TS2589: Type instantiation is excessively deep and possibly infinite.
convex/compliance/institutional_compliance.ts(131,17): error TS2589: Type instantiation is excessively deep and possibly infinite.
convex/compliance/institutional_compliance.ts(134,33): error TS2589: Type instantiation is excessively deep and possibly infinite.
convex/compliance/institutional_compliance.ts(138,12): error TS2589: Type instantiation is excessively deep and possibly infinite.
convex/compliance/institutional_compliance.ts(138,21): error TS2589: Type instantiation is excessively deep and possibly infinite.
convex/compliance/institutional_compliance.ts(142,26): error TS2589: Type instantiation is excessively deep and possibly infinite.
convex/compliance/institutional_compliance.ts(143,24): error TS2589: Type instantiation is excessively deep and possibly infinite.
convex/compliance/institutional_compliance.ts(144,20): error TS2589: Type instantiation is excessively deep and possibly infinite.
convex/compliance/institutional_compliance.ts(147,12): error TS2589: Type instantiation is excessively deep and possibly infinite.
convex/compliance/institutional_compliance.ts(168,28): error TS2589: Type instantiation is excessively deep and possibly infinite.
convex/compliance/institutional_compliance.ts(169,35): error TS2589: Type instantiation is excessively deep and possibly infinite.
convex/compliance/institutional_compliance.ts(224,9): error TS2589: Type instantiation is excessively deep and possibly infinite.
convex/compliance/institutional_compliance.ts(225,9): error TS2589: Type instantiation is excessively deep and possibly infinite.
convex/compliance/institutional_compliance.ts(244,46): error TS2589: Type instantiation is excessively deep and possibly infinite.
convex/compliance/institutional_compliance.ts(251,12): error TS2589: Type instantiation is excessively deep and possibly infinite.
convex/compliance/institutional_compliance.ts(251,21): error TS2589: Type instantiation is excessively deep and possibly infinite.
convex/compliance/institutional_compliance.ts(254,13): error TS2589: Type instantiation is excessively deep and possibly infinite.
convex/compliance/institutional_compliance.ts(254,21): error TS2589: Type instantiation is excessively deep and possibly infinite.
convex/compliance/institutional_compliance.ts(254,30): error TS2589: Type instantiation is excessively deep and possibly infinite.
convex/compliance/institutional_compliance.ts(261,12): error TS2589: Type instantiation is excessively deep and possibly infinite.
convex/compliance/institutional_compliance.ts(343,25): error TS2589: Type instantiation is excessively deep and possibly infinite.
convex/compliance/institutional_compliance.ts(346,14): error TS2589: Type instantiation is excessively deep and possibly infinite.
convex/compliance/institutional_compliance.ts(346,14): error TS2589: Type instantiation is excessively deep and possibly infinite.
convex/compliance/institutional_compliance.ts(364,35): error TS2589: Type instantiation is excessively deep and possibly infinite.
convex/compliance/institutional_compliance.ts(366,17): error TS2589: Type instantiation is excessively deep and possibly infinite.
convex/compliance/institutional_compliance.ts(370,20): error TS2589: Type instantiation is excessively deep and possibly infinite.
convex/compliance/institutional_compliance.ts(372,12): error TS2589: Type instantiation is excessively deep and possibly infinite.
convex/compliance/institutional_compliance.ts(372,21): error TS2589: Type instantiation is excessively deep and possibly infinite.
convex/compliance/institutional_compliance.ts(374,19): error TS2589: Type instantiation is excessively deep and possibly infinite.
convex/compliance/institutional_compliance.ts(376,13): error TS2589: Type instantiation is excessively deep and possibly infinite.
convex/compliance/institutional_compliance.ts(377,18): error TS2589: Type instantiation is excessively deep and possibly infinite.
convex/compliance/institutional_compliance.ts(378,12): error TS2589: Type instantiation is excessively deep and possibly infinite.
convex/compliance/institutional_compliance.ts(380,12): error TS2589: Type instantiation is excessively deep and possibly infinite.
convex/compliance/institutional_compliance.ts(456,33): error TS2589: Type instantiation is excessively deep and possibly infinite.
convex/compliance/institutional_compliance.ts(458,17): error TS2589: Type instantiation is excessively deep and possibly infinite.
convex/compliance/institutional_compliance.ts(461,20): error TS2589: Type instantiation is excessively deep and possibly infinite.
convex/compliance/institutional_compliance.ts(462,26): error TS2589: Type instantiation is excessively deep and possibly infinite.
convex/compliance/institutional_compliance.ts(463,19): error TS2589: Type instantiation is excessively deep and possibly infinite.
convex/compliance/institutional_compliance.ts(465,12): error TS2589: Type instantiation is excessively deep and possibly infinite.
convex/compliance/institutional_compliance.ts(466,12): error TS2589: Type instantiation is excessively deep and possibly infinite.
convex/compliance/institutional_compliance.ts(505,36): error TS2589: Type instantiation is excessively deep and possibly infinite.
convex/compliance/institutional_compliance.ts(507,17): error TS2589: Type instantiation is excessively deep and possibly infinite.
convex/compliance/institutional_compliance.ts(509,21): error TS2589: Type instantiation is excessively deep and possibly infinite.
convex/compliance/institutional_compliance.ts(510,7): error TS2589: Type instantiation is excessively deep and possibly infinite.
convex/compliance/institutional_compliance.ts(511,7): error TS2589: Type instantiation is excessively deep and possibly infinite.
convex/compliance/institutional_compliance.ts(512,7): error TS2589: Type instantiation is excessively deep and possibly infinite.
convex/compliance/institutional_compliance.ts(515,12): error TS2589: Type instantiation is excessively deep and possibly infinite.
convex/compliance/institutional_compliance.ts(515,21): error TS2589: Type instantiation is excessively deep and possibly infinite.
convex/compliance/institutional_compliance.ts(519,13): error TS2589: Type instantiation is excessively deep and possibly infinite.
convex/compliance/institutional_compliance.ts(520,22): error TS2589: Type instantiation is excessively deep and possibly infinite.
convex/compliance/institutional_compliance.ts(522,12): error TS2589: Type instantiation is excessively deep and possibly infinite.
convex/compliance/institutional_compliance.ts(524,12): error TS2589: Type instantiation is excessively deep and possibly infinite.
convex/compliance/institutional_compliance.ts(596,32): error TS2589: Type instantiation is excessively deep and possibly infinite.
convex/compliance/institutional_compliance.ts(598,17): error TS2589: Type instantiation is excessively deep and possibly infinite.
convex/compliance/institutional_compliance.ts(602,13): error TS2589: Type instantiation is excessively deep and possibly infinite.
convex/compliance/institutional_compliance.ts(604,12): error TS2589: Type instantiation is excessively deep and possibly infinite.
convex/compliance/institutional_compliance.ts(605,12): error TS2589: Type instantiation is excessively deep and possibly infinite.
convex/compliance/institutional_compliance.ts(634,41): error TS2589: Type instantiation is excessively deep and possibly infinite.
convex/compliance/institutional_compliance.ts(636,13): error TS2589: Type instantiation is excessively deep and possibly infinite.
convex/compliance/institutional_compliance.ts(637,17): error TS2589: Type instantiation is excessively deep and possibly infinite.
convex/compliance/institutional_compliance.ts(638,17): error TS2589: Type instantiation is excessively deep and possibly infinite.
convex/compliance/institutional_compliance.ts(639,7): error TS2589: Type instantiation is excessively deep and possibly infinite.
convex/compliance/institutional_compliance.ts(640,7): error TS2589: Type instantiation is excessively deep and possibly infinite.
convex/compliance/institutional_compliance.ts(641,7): error TS2589: Type instantiation is excessively deep and possibly infinite.
convex/compliance/institutional_compliance.ts(642,7): error TS2589: Type instantiation is excessively deep and possibly infinite.
convex/compliance/institutional_compliance.ts(643,7): error TS2589: Type instantiation is excessively deep and possibly infinite.
convex/compliance/institutional_compliance.ts(645,19): error TS2589: Type instantiation is excessively deep and possibly infinite.
convex/compliance/institutional_compliance.ts(649,12): error TS2589: Type instantiation is excessively deep and possibly infinite.
convex/compliance/institutional_compliance.ts(649,21): error TS2589: Type instantiation is excessively deep and possibly infinite.
convex/compliance/institutional_compliance.ts(651,15): error TS2589: Type instantiation is excessively deep and possibly infinite.
convex/compliance/institutional_compliance.ts(652,13): error TS2589: Type instantiation is excessively deep and possibly infinite.
convex/compliance/institutional_compliance.ts(653,18): error TS2589: Type instantiation is excessively deep and possibly infinite.
convex/compliance/institutional_compliance.ts(654,12): error TS2589: Type instantiation is excessively deep and possibly infinite.
convex/compliance/institutional_compliance.ts(656,12): error TS2589: Type instantiation is excessively deep and possibly infinite.
convex/compliance/institutional_compliance.ts(864,45): error TS2589: Type instantiation is excessively deep and possibly infinite.
convex/compliance/institutional_compliance.ts(866,13): error TS2589: Type instantiation is excessively deep and possibly infinite.
convex/compliance/institutional_compliance.ts(867,17): error TS2589: Type instantiation is excessively deep and possibly infinite.
convex/compliance/institutional_compliance.ts(869,20): error TS2589: Type instantiation is excessively deep and possibly infinite.
convex/compliance/institutional_compliance.ts(872,12): error TS2589: Type instantiation is excessively deep and possibly infinite.
convex/compliance/institutional_compliance.ts(872,21): error TS2589: Type instantiation is excessively deep and possibly infinite.
convex/compliance/institutional_compliance.ts(879,12): error TS2589: Type instantiation is excessively deep and possibly infinite.
convex/compliance/institutional_compliance.ts(904,43): error TS2589: Type instantiation is excessively deep and possibly infinite.
convex/compliance/institutional_compliance.ts(906,13): error TS2589: Type instantiation is excessively deep and possibly infinite.
convex/compliance/institutional_compliance.ts(907,17): error TS2589: Type instantiation is excessively deep and possibly infinite.
convex/compliance/institutional_compliance.ts(910,20): error TS2589: Type instantiation is excessively deep and possibly infinite.
convex/compliance/institutional_compliance.ts(912,12): error TS2589: Type instantiation is excessively deep and possibly infinite.
convex/compliance/institutional_compliance.ts(912,21): error TS2589: Type instantiation is excessively deep and possibly infinite.
convex/compliance/institutional_compliance.ts(919,12): error TS2589: Type instantiation is excessively deep and possibly infinite.
convex/compliance/institutional_compliance.ts(944,46): error TS2589: Type instantiation is excessively deep and possibly infinite.
convex/compliance/institutional_compliance.ts(952,12): error TS2589: Type instantiation is excessively deep and possibly infinite.
convex/compliance/institutional_compliance.ts(952,21): error TS2589: Type instantiation is excessively deep and possibly infinite.
convex/compliance/institutional_compliance.ts(959,12): error TS2589: Type instantiation is excessively deep and possibly infinite.
convex/compliance/institutional_compliance.ts(984,35): error TS2589: Type instantiation is excessively deep and possibly infinite.
convex/compliance/institutional_compliance.ts(986,19): error TS2589: Type instantiation is excessively deep and possibly infinite.
convex/compliance/institutional_compliance.ts(991,12): error TS2589: Type instantiation is excessively deep and possibly infinite.
convex/compliance/institutional_compliance.ts(991,21): error TS2589: Type instantiation is excessively deep and possibly infinite.
convex/compliance/institutional_compliance.ts(995,12): error TS2589: Type instantiation is excessively deep and possibly infinite.
convex/compliance/institutional_compliance.ts(997,12): error TS2589: Type instantiation is excessively deep and possibly infinite.
convex/compliance/kyc.ts(9,40): error TS2589: Type instantiation is excessively deep and possibly infinite.
convex/compliance/kyc.ts(11,17): error TS2589: Type instantiation is excessively deep and possibly infinite.
convex/compliance/kyc.ts(12,15): error TS2589: Type instantiation is excessively deep and possibly infinite.
convex/compliance/kyc.ts(13,7): error TS2589: Type instantiation is excessively deep and possibly infinite.
convex/compliance/kyc.ts(14,7): error TS2589: Type instantiation is excessively deep and possibly infinite.
convex/compliance/kyc.ts(15,7): error TS2589: Type instantiation is excessively deep and possibly infinite.
convex/compliance/kyc.ts(16,7): error TS2589: Type instantiation is excessively deep and possibly infinite.
convex/compliance/kyc.ts(18,19): error TS2589: Type instantiation is excessively deep and possibly infinite.
convex/compliance/kyc.ts(19,7): error TS2589: Type instantiation is excessively deep and possibly infinite.
convex/compliance/kyc.ts(20,7): error TS2589: Type instantiation is excessively deep and possibly infinite.
convex/compliance/kyc.ts(21,7): error TS2589: Type instantiation is excessively deep and possibly infinite.
convex/compliance/kyc.ts(25,12): error TS2589: Type instantiation is excessively deep and possibly infinite.
convex/compliance/kyc.ts(64,32): error TS2589: Type instantiation is excessively deep and possibly infinite.
convex/compliance/kyc.ts(66,17): error TS2589: Type instantiation is excessively deep and possibly infinite.
convex/compliance/kyc.ts(73,12): error TS2589: Type instantiation is excessively deep and possibly infinite.
convex/compliance/kyc.ts(86,34): error TS2589: Type instantiation is excessively deep and possibly infinite.
convex/compliance/kyc.ts(89,13): error TS2589: Type instantiation is excessively deep and possibly infinite.
convex/compliance/kyc.ts(90,7): error TS2589: Type instantiation is excessively deep and possibly infinite.
convex/compliance/kyc.ts(91,7): error TS2589: Type instantiation is excessively deep and possibly infinite.
convex/compliance/kyc.ts(92,7): error TS2589: Type instantiation is excessively deep and possibly infinite.
convex/compliance/kyc.ts(93,7): error TS2589: Type instantiation is excessively deep and possibly infinite.
convex/compliance/kyc.ts(95,16): error TS2589: Type instantiation is excessively deep and possibly infinite.
convex/compliance/kyc.ts(96,19): error TS2589: Type instantiation is excessively deep and possibly infinite.
convex/compliance/kyc.ts(96,30): error TS2589: Type instantiation is excessively deep and possibly infinite.
convex/compliance/kyc.ts(96,39): error TS2589: Type instantiation is excessively deep and possibly infinite.
convex/compliance/kyc.ts(104,12): error TS2589: Type instantiation is excessively deep and possibly infinite.
convex/compliance/kyc.ts(137,30): error TS2589: Type instantiation is excessively deep and possibly infinite.
convex/compliance/kyc.ts(141,12): error TS2589: Type instantiation is excessively deep and possibly infinite.
convex/compliance/kyc.ts(142,18): error TS2589: Type instantiation is excessively deep and possibly infinite.
convex/compliance/kyc.ts(142,18): error TS2589: Type instantiation is excessively deep and possibly infinite.
convex/compliance/kyc.ts(142,18): error TS2589: Type instantiation is excessively deep and possibly infinite.
convex/compliance/kyc.ts(144,15): error TS2589: Type instantiation is excessively deep and possibly infinite.
convex/compliance/kyc.ts(144,20): error TS2589: Type instantiation is excessively deep and possibly infinite.
convex/compliance/kyc.ts(144,25): error TS2589: Type instantiation is excessively deep and possibly infinite.
convex/compliance/kyc.ts(149,33): error TS2589: Type instantiation is excessively deep and possibly infinite.
convex/compliance/kyc.ts(153,16): error TS2589: Type instantiation is excessively deep and possibly infinite.
convex/compliance/kyc.ts(154,19): error TS2589: Type instantiation is excessively deep and possibly infinite.
convex/compliance/kyc.ts(154,30): error TS2589: Type instantiation is excessively deep and possibly infinite.
convex/compliance/kyc.ts(154,39): error TS2589: Type instantiation is excessively deep and possibly infinite.
convex/compliance/kyc.ts(162,12): error TS2589: Type instantiation is excessively deep and possibly infinite.
convex/compliance/kyc.ts(183,36): error TS2589: Type instantiation is excessively deep and possibly infinite.
convex/compliance/kyc.ts(185,17): error TS2589: Type instantiation is excessively deep and possibly infinite.
convex/compliance/kyc.ts(189,14): error TS2589: Type instantiation is excessively deep and possibly infinite.
convex/compliance/kyc.ts(191,12): error TS2589: Type instantiation is excessively deep and possibly infinite.
convex/compliance/regulatory.ts(62,44): error TS2589: Type instantiation is excessively deep and possibly infinite.
convex/compliance/regulatory.ts(66,12): error TS2589: Type instantiation is excessively deep and possibly infinite.
convex/compliance/regulatory.ts(90,39): error TS2589: Type instantiation is excessively deep and possibly infinite.
convex/compliance/regulatory.ts(92,13): error TS2589: Type instantiation is excessively deep and possibly infinite.
convex/compliance/regulatory.ts(95,12): error TS2589: Type instantiation is excessively deep and possibly infinite.
convex/compliance/regulatory.ts(142,41): error TS2589: Type instantiation is excessively deep and possibly infinite.
convex/compliance/regulatory.ts(144,13): error TS2589: Type instantiation is excessively deep and possibly infinite.
convex/compliance/regulatory.ts(145,17): error TS2589: Type instantiation is excessively deep and possibly infinite.
convex/compliance/regulatory.ts(146,7): error TS2589: Type instantiation is excessively deep and possibly infinite.
convex/compliance/regulatory.ts(147,7): error TS2589: Type instantiation is excessively deep and possibly infinite.
convex/compliance/regulatory.ts(148,7): error TS2589: Type instantiation is excessively deep and possibly infinite.
convex/compliance/regulatory.ts(149,7): error TS2589: Type instantiation is excessively deep and possibly infinite.
convex/compliance/regulatory.ts(150,7): error TS2589: Type instantiation is excessively deep and possibly infinite.
convex/compliance/regulatory.ts(156,12): error TS2589: Type instantiation is excessively deep and possibly infinite.
convex/compliance/regulatory.ts(169,33): error TS7006: Parameter 'q' implicitly has an 'any' type.
convex/compliance/regulatory.ts(174,41): error TS7006: Parameter 'sum' implicitly has an 'any' type.
convex/compliance/regulatory.ts(174,46): error TS7006: Parameter 'h' implicitly has an 'any' type.
convex/compliance/regulatory.ts(175,40): error TS7006: Parameter 'sum' implicitly has an 'any' type.
convex/compliance/regulatory.ts(175,45): error TS7006: Parameter 'h' implicitly has an 'any' type.
convex/compliance/regulatory.ts(176,35): error TS7006: Parameter 'h' implicitly has an 'any' type.
convex/compliance/regulatory.ts(188,33): error TS7006: Parameter 'q' implicitly has an 'any' type.
convex/compliance/regulatory.ts(199,46): error TS7006: Parameter 't' implicitly has an 'any' type.
convex/compliance/regulatory.ts(200,44): error TS7006: Parameter 't' implicitly has an 'any' type.
convex/compliance/regulatory.ts(201,45): error TS7006: Parameter 'sum' implicitly has an 'any' type.
convex/compliance/regulatory.ts(201,50): error TS7006: Parameter 't' implicitly has an 'any' type.
convex/examples/prd_scenarios.ts(1,10): error TS2300: Duplicate identifier 'action'.
convex/examples/prd_scenarios.ts(1,18): error TS2300: Duplicate identifier 'mutation'.
convex/examples/prd_scenarios.ts(1,28): error TS2300: Duplicate identifier 'query'.
convex/examples/prd_scenarios.ts(2,10): error TS2300: Duplicate identifier 'v'.
convex/examples/prd_scenarios.ts(3,10): error TS2300: Duplicate identifier 'api'.
convex/examples/prd_scenarios.ts(17,14): error TS2451: Cannot redeclare block-scoped variable 'createTokenizedMoneyMarketFund'.
convex/examples/prd_scenarios.ts(17,47): error TS2589: Type instantiation is excessively deep and possibly infinite.
convex/examples/prd_scenarios.ts(19,20): error TS2589: Type instantiation is excessively deep and possibly infinite.
convex/examples/prd_scenarios.ts(20,24): error TS2589: Type instantiation is excessively deep and possibly infinite.
convex/examples/prd_scenarios.ts(20,33): error TS2589: Type instantiation is excessively deep and possibly infinite.
convex/examples/prd_scenarios.ts(26,22): error TS2589: Type instantiation is excessively deep and possibly infinite.
convex/examples/prd_scenarios.ts(28,28): error TS2589: Type instantiation is excessively deep and possibly infinite.
convex/examples/prd_scenarios.ts(28,37): error TS2589: Type instantiation is excessively deep and possibly infinite.
convex/examples/prd_scenarios.ts(35,30): error TS2589: Type instantiation is excessively deep and possibly infinite.
convex/examples/prd_scenarios.ts(35,39): error TS2589: Type instantiation is excessively deep and possibly infinite.
convex/examples/prd_scenarios.ts(40,29): error TS2589: Type instantiation is excessively deep and possibly infinite.
convex/examples/prd_scenarios.ts(44,12): error TS2589: Type instantiation is excessively deep and possibly infinite.
convex/examples/prd_scenarios.ts(68,26): error TS2589: Type instantiation is excessively deep and possibly infinite.
convex/examples/prd_scenarios.ts(138,22): error TS2589: Type instantiation is excessively deep and possibly infinite.
convex/examples/prd_scenarios.ts(212,14): error TS2451: Cannot redeclare block-scoped variable 'createTokenizedRealEstateFund'.
convex/examples/prd_scenarios.ts(212,46): error TS2589: Type instantiation is excessively deep and possibly infinite.
convex/examples/prd_scenarios.ts(214,20): error TS2589: Type instantiation is excessively deep and possibly infinite.
convex/examples/prd_scenarios.ts(215,24): error TS2589: Type instantiation is excessively deep and possibly infinite.
convex/examples/prd_scenarios.ts(215,33): error TS2589: Type instantiation is excessively deep and possibly infinite.
convex/examples/prd_scenarios.ts(222,22): error TS2589: Type instantiation is excessively deep and possibly infinite.
convex/examples/prd_scenarios.ts(224,27): error TS2589: Type instantiation is excessively deep and possibly infinite.
convex/examples/prd_scenarios.ts(224,36): error TS2589: Type instantiation is excessively deep and possibly infinite.
convex/examples/prd_scenarios.ts(225,22): error TS2589: Type instantiation is excessively deep and possibly infinite.
convex/examples/prd_scenarios.ts(226,24): error TS2589: Type instantiation is excessively deep and possibly infinite.
convex/examples/prd_scenarios.ts(232,30): error TS2589: Type instantiation is excessively deep and possibly infinite.
convex/examples/prd_scenarios.ts(232,39): error TS2589: Type instantiation is excessively deep and possibly infinite.
convex/examples/prd_scenarios.ts(238,29): error TS2589: Type instantiation is excessively deep and possibly infinite.
convex/examples/prd_scenarios.ts(242,12): error TS2589: Type instantiation is excessively deep and possibly infinite.
convex/examples/prd_scenarios.ts(266,26): error TS2589: Type instantiation is excessively deep and possibly infinite.
convex/examples/prd_scenarios.ts(387,14): error TS2451: Cannot redeclare block-scoped variable 'createStructuredCreditHybridFund'.
convex/examples/prd_scenarios.ts(387,49): error TS2589: Type instantiation is excessively deep and possibly infinite.
convex/examples/prd_scenarios.ts(389,20): error TS2589: Type instantiation is excessively deep and possibly infinite.
convex/examples/prd_scenarios.ts(390,24): error TS2589: Type instantiation is excessively deep and possibly infinite.
convex/examples/prd_scenarios.ts(390,33): error TS2589: Type instantiation is excessively deep and possibly infinite.
convex/examples/prd_scenarios.ts(397,22): error TS2589: Type instantiation is excessively deep and possibly infinite.
convex/examples/prd_scenarios.ts(399,33): error TS2589: Type instantiation is excessively deep and possibly infinite.
convex/examples/prd_scenarios.ts(399,42): error TS2589: Type instantiation is excessively deep and possibly infinite.
convex/examples/prd_scenarios.ts(400,25): error TS2589: Type instantiation is excessively deep and possibly infinite.
convex/examples/prd_scenarios.ts(407,24): error TS2589: Type instantiation is excessively deep and possibly infinite.
convex/examples/prd_scenarios.ts(407,33): error TS2589: Type instantiation is excessively deep and possibly infinite.
convex/examples/prd_scenarios.ts(408,24): error TS2589: Type instantiation is excessively deep and possibly infinite.
convex/examples/prd_scenarios.ts(408,32): error TS2589: Type instantiation is excessively deep and possibly infinite.
convex/examples/prd_scenarios.ts(408,41): error TS2589: Type instantiation is excessively deep and possibly infinite.
convex/examples/prd_scenarios.ts(413,27): error TS2589: Type instantiation is excessively deep and possibly infinite.
convex/examples/prd_scenarios.ts(413,35): error TS2589: Type instantiation is excessively deep and possibly infinite.
convex/examples/prd_scenarios.ts(413,44): error TS2589: Type instantiation is excessively deep and possibly infinite.
convex/examples/prd_scenarios.ts(421,12): error TS2589: Type instantiation is excessively deep and possibly infinite.
convex/examples/prd_scenarios.ts(445,26): error TS2589: Type instantiation is excessively deep and possibly infinite.
convex/examples/prd_scenarios.ts(553,16): error TS2393: Duplicate function implementation.
convex/examples/prd_scenarios.ts(568,16): error TS2393: Duplicate function implementation.
convex/examples/prd_scenarios.ts(580,16): error TS2393: Duplicate function implementation.
convex/examples/prd_scenarios.ts(593,16): error TS2393: Duplicate function implementation.
convex/examples/prd_scenarios.ts(605,16): error TS2393: Duplicate function implementation.
convex/examples/prd_scenarios.ts(619,16): error TS2393: Duplicate function implementation.
convex/examples/prd_scenarios.ts(628,16): error TS2393: Duplicate function implementation.
convex/examples/prd_scenarios.ts(642,10): error TS2393: Duplicate function implementation.
convex/examples/prd_scenarios.ts(646,10): error TS2393: Duplicate function implementation.
convex/examples/prd_scenarios.ts(650,10): error TS2393: Duplicate function implementation.
convex/examples/prd_scenarios.ts(654,10): error TS2393: Duplicate function implementation.
convex/examples/prd_scenarios.ts(657,11): error TS2300: Duplicate identifier 'action'.
convex/examples/prd_scenarios.ts(657,19): error TS2300: Duplicate identifier 'mutation'.
convex/examples/prd_scenarios.ts(657,29): error TS2300: Duplicate identifier 'query'.
convex/examples/prd_scenarios.ts(658,10): error TS2300: Duplicate identifier 'v'.
convex/examples/prd_scenarios.ts(659,10): error TS2300: Duplicate identifier 'api'.
convex/examples/prd_scenarios.ts(673,14): error TS2451: Cannot redeclare block-scoped variable 'createTokenizedMoneyMarketFund'.
convex/examples/prd_scenarios.ts(868,14): error TS2451: Cannot redeclare block-scoped variable 'createTokenizedRealEstateFund'.
convex/examples/prd_scenarios.ts(1043,14): error TS2451: Cannot redeclare block-scoped variable 'createStructuredCreditHybridFund'.
convex/examples/prd_scenarios.ts(1209,16): error TS2393: Duplicate function implementation.
convex/examples/prd_scenarios.ts(1224,16): error TS2393: Duplicate function implementation.
convex/examples/prd_scenarios.ts(1236,16): error TS2393: Duplicate function implementation.
convex/examples/prd_scenarios.ts(1249,16): error TS2393: Duplicate function implementation.
convex/examples/prd_scenarios.ts(1261,16): error TS2393: Duplicate function implementation.
convex/examples/prd_scenarios.ts(1275,16): error TS2393: Duplicate function implementation.
convex/examples/prd_scenarios.ts(1284,16): error TS2393: Duplicate function implementation.
convex/examples/prd_scenarios.ts(1298,10): error TS2393: Duplicate function implementation.
convex/examples/prd_scenarios.ts(1302,10): error TS2393: Duplicate function implementation.
convex/examples/prd_scenarios.ts(1306,10): error TS2393: Duplicate function implementation.
convex/examples/prd_scenarios.ts(1310,10): error TS2393: Duplicate function implementation.
convex/funds/advanced_management.ts(8,14): error TS7022: 'createInstitutionalFund' implicitly has type 'any' because it does not have a type annotation and is referenced directly or indirectly in its own initializer.
convex/funds/advanced_management.ts(56,3): error TS7023: 'handler' implicitly has return type 'any' because it does not have a return type annotation and is referenced directly or indirectly in one of its return expressions.
convex/funds/advanced_management.ts(64,13): error TS7022: 'shareTokenResult' implicitly has type 'any' because it does not have a type annotation and is referenced directly or indirectly in its own initializer.
convex/funds/advanced_management.ts(92,13): error TS7022: 'domainResult' implicitly has type 'any' because it does not have a type annotation and is referenced directly or indirectly in its own initializer.
convex/funds/advanced_management.ts(126,13): error TS7022: 'fundId' implicitly has type 'any' because it does not have a type annotation and is referenced directly or indirectly in its own initializer.
convex/funds/advanced_management.ts(269,41): error TS2345: Argument of type '{ name: string; symbol: string; description: string; fundType: "equity" | "fixed_income" | "hybrid" | "real_estate" | "commodity" | "crypto" | "private_equity" | "hedge_fund"; managerId: Id<...>; ... 27 more ...; nextValuation: number; }' is not assignable to parameter of type '{ mptTokenId?: string | undefined; domainId?: string | undefined; didDocument?: string | undefined; custodian?: string | undefined; administrator?: string | undefined; auditor?: string | undefined; ... 28 more ...; nextValuation: number; }'.
  Type '{ name: string; symbol: string; description: string; fundType: "equity" | "fixed_income" | "hybrid" | "real_estate" | "commodity" | "crypto" | "private_equity" | "hedge_fund"; managerId: Id<...>; ... 27 more ...; nextValuation: number; }' is missing the following properties from type '{ mptTokenId?: string | undefined; domainId?: string | undefined; didDocument?: string | undefined; custodian?: string | undefined; administrator?: string | undefined; auditor?: string | undefined; ... 28 more ...; nextValuation: number; }': totalSupply, complianceRules
convex/funds/advanced_management.ts(334,9): error TS2353: Object literal may only specify known properties, and 'shareTokenId' does not exist in type '{ before?: string | undefined; after?: string | undefined; proposalType?: string | undefined; executionData?: string | undefined; }'.
convex/funds/advanced_management.ts(347,14): error TS7022: 'processSubscription' implicitly has type 'any' because it does not have a type annotation and is referenced directly or indirectly in its own initializer.
convex/funds/advanced_management.ts(355,3): error TS7023: 'handler' implicitly has return type 'any' because it does not have a return type annotation and is referenced directly or indirectly in one of its return expressions.
convex/funds/advanced_management.ts(357,30): error TS2339: Property 'db' does not exist on type 'GenericActionCtx<{ users: { document: { _id: Id<"users">; _creationTime: number; name?: string | undefined; email?: string | undefined; phone?: string | undefined; image?: string | undefined; emailVerificationTime?: number | undefined; phoneVerificationTime?: number | undefined; isAnonymous?: boolean | undefined; };...'.
convex/funds/advanced_management.ts(362,34): error TS2339: Property 'db' does not exist on type 'GenericActionCtx<{ users: { document: { _id: Id<"users">; _creationTime: number; name?: string | undefined; email?: string | undefined; phone?: string | undefined; image?: string | undefined; emailVerificationTime?: number | undefined; phoneVerificationTime?: number | undefined; isAnonymous?: boolean | undefined; };...'.
convex/funds/advanced_management.ts(368,13): error TS7022: 'complianceResult' implicitly has type 'any' because it does not have a type annotation and is referenced directly or indirectly in its own initializer.
convex/funds/advanced_management.ts(386,13): error TS7022: 'txResult' implicitly has type 'any' because it does not have a type annotation and is referenced directly or indirectly in its own initializer.
convex/funds/advanced_management.ts(423,13): error TS7022: 'transactionId' implicitly has type 'any' because it does not have a type annotation and is referenced directly or indirectly in its own initializer.
convex/funds/advanced_management.ts(488,30): error TS2339: Property 'db' does not exist on type 'GenericActionCtx<{ users: { document: { _id: Id<"users">; _creationTime: number; name?: string | undefined; email?: string | undefined; phone?: string | undefined; image?: string | undefined; emailVerificationTime?: number | undefined; phoneVerificationTime?: number | undefined; isAnonymous?: boolean | undefined; };...'.
convex/funds/advanced_management.ts(489,34): error TS2339: Property 'db' does not exist on type 'GenericActionCtx<{ users: { document: { _id: Id<"users">; _creationTime: number; name?: string | undefined; email?: string | undefined; phone?: string | undefined; image?: string | undefined; emailVerificationTime?: number | undefined; phoneVerificationTime?: number | undefined; isAnonymous?: boolean | undefined; };...'.
convex/funds/advanced_management.ts(598,7): error TS2353: Object literal may only specify known properties, and 'shares' does not exist in type '{ settlementDate?: number | undefined; investorId?: Id<"investors"> | undefined; counterparty?: string | undefined; xrplTransactionHash?: string | undefined; xrplLedgerIndex?: number | undefined; ... 13 more ...; transactionFee: number; }'.
convex/funds/advanced_management.ts(641,27): error TS2339: Property 'totalInvested' does not exist on type '{ _id: Id<"holdings">; _creationTime: number; lockupPeriod?: number | undefined; lockupExpiry?: number | undefined; status: "active" | "closed" | "locked" | "redemption_pending" | "redeemed"; ... 14 more ...; internalRateOfReturn: number; }'.
convex/funds/advanced_management.ts(642,27): error TS2339: Property 'totalInvested' does not exist on type '{ _id: Id<"holdings">; _creationTime: number; lockupPeriod?: number | undefined; lockupExpiry?: number | undefined; status: "active" | "closed" | "locked" | "redemption_pending" | "redeemed"; ... 14 more ...; internalRateOfReturn: number; }'.
convex/funds/advanced_management.ts(649,9): error TS2353: Object literal may only specify known properties, and 'totalInvested' does not exist in type 'Partial<{ _id: Id<"holdings">; _creationTime: number; lockupPeriod?: number | undefined; lockupExpiry?: number | undefined; status: "active" | "closed" | "locked" | "redemption_pending" | "redeemed"; ... 14 more ...; internalRateOfReturn: number; }>'.
convex/funds/advanced_management.ts(655,29): error TS2339: Property 'totalSubscriptions' does not exist on type '{ _id: Id<"holdings">; _creationTime: number; lockupPeriod?: number | undefined; lockupExpiry?: number | undefined; status: "active" | "closed" | "locked" | "redemption_pending" | "redeemed"; ... 14 more ...; internalRateOfReturn: number; }'.
convex/funds/advanced_management.ts(656,29): error TS2339: Property 'totalSubscriptions' does not exist on type '{ _id: Id<"holdings">; _creationTime: number; lockupPeriod?: number | undefined; lockupExpiry?: number | undefined; status: "active" | "closed" | "locked" | "redemption_pending" | "redeemed"; ... 14 more ...; internalRateOfReturn: number; }'.
convex/funds/advanced_management.ts(658,29): error TS2339: Property 'totalRedemptions' does not exist on type '{ _id: Id<"holdings">; _creationTime: number; lockupPeriod?: number | undefined; lockupExpiry?: number | undefined; status: "active" | "closed" | "locked" | "redemption_pending" | "redeemed"; ... 14 more ...; internalRateOfReturn: number; }'.
convex/funds/advanced_management.ts(659,29): error TS2339: Property 'totalRedemptions' does not exist on type '{ _id: Id<"holdings">; _creationTime: number; lockupPeriod?: number | undefined; lockupExpiry?: number | undefined; status: "active" | "closed" | "locked" | "redemption_pending" | "redeemed"; ... 14 more ...; internalRateOfReturn: number; }'.
convex/funds/advanced_management.ts(667,9): error TS2353: Object literal may only specify known properties, and 'totalInvested' does not exist in type '{ lockupPeriod?: number | undefined; lockupExpiry?: number | undefined; status: "active" | "closed" | "locked" | "redemption_pending" | "redeemed"; fundId: Id<"funds">; totalReturn: number; ... 12 more ...; internalRateOfReturn: number; }'.
convex/funds/advanced_management.ts(718,30): error TS2339: Property 'db' does not exist on type 'GenericActionCtx<{ users: { document: { _id: Id<"users">; _creationTime: number; name?: string | undefined; email?: string | undefined; phone?: string | undefined; image?: string | undefined; emailVerificationTime?: number | undefined; phoneVerificationTime?: number | undefined; isAnonymous?: boolean | undefined; };...'.
convex/funds/advanced_management.ts(724,32): error TS2339: Property 'db' does not exist on type 'GenericActionCtx<{ users: { document: { _id: Id<"users">; _creationTime: number; name?: string | undefined; email?: string | undefined; phone?: string | undefined; image?: string | undefined; emailVerificationTime?: number | undefined; phoneVerificationTime?: number | undefined; isAnonymous?: boolean | undefined; };...'.
convex/funds/advanced_management.ts(726,17): error TS7006: Parameter 'q' implicitly has an 'any' type.
convex/funds/advanced_management.ts(730,46): error TS7006: Parameter 'sum' implicitly has an 'any' type.
convex/funds/advanced_management.ts(730,51): error TS7006: Parameter 'asset' implicitly has an 'any' type.
convex/funds/advanced_management.ts(740,17): error TS2339: Property 'db' does not exist on type 'GenericActionCtx<{ users: { document: { _id: Id<"users">; _creationTime: number; name?: string | undefined; email?: string | undefined; phone?: string | undefined; image?: string | undefined; emailVerificationTime?: number | undefined; phoneVerificationTime?: number | undefined; isAnonymous?: boolean | undefined; };...'.
convex/funds/advanced_management.ts(795,9): error TS2353: Object literal may only specify known properties, and 'previousNAV' does not exist in type '{ before?: string | undefined; after?: string | undefined; proposalType?: string | undefined; executionData?: string | undefined; }'.
convex/funds/advanced_management.ts(808,14): error TS7022: 'getFundDetails' implicitly has type 'any' because it does not have a type annotation and is referenced directly or indirectly in its own initializer.
convex/funds/advanced_management.ts(812,3): error TS7023: 'handler' implicitly has return type 'any' because it does not have a return type annotation and is referenced directly or indirectly in one of its return expressions.
convex/funds/management.ts(158,67): error TS2345: Argument of type 'string' is not assignable to parameter of type 'string[]'.
convex/funds/subscription_redemption.ts(11,14): error TS7022: 'initiateSubscription' implicitly has type 'any' because it does not have a type annotation and is referenced directly or indirectly in its own initializer.
convex/funds/subscription_redemption.ts(11,37): error TS2589: Type instantiation is excessively deep and possibly infinite.
convex/funds/subscription_redemption.ts(24,3): error TS7023: 'handler' implicitly has return type 'any' because it does not have a return type annotation and is referenced directly or indirectly in one of its return expressions.
convex/funds/subscription_redemption.ts(27,13): error TS7022: 'fund' implicitly has type 'any' because it does not have a type annotation and is referenced directly or indirectly in its own initializer.
convex/funds/subscription_redemption.ts(27,26): error TS2589: Type instantiation is excessively deep and possibly infinite.
convex/funds/subscription_redemption.ts(27,69): error TS2589: Type instantiation is excessively deep and possibly infinite.
convex/funds/subscription_redemption.ts(67,13): error TS7022: 'subscriptionId' implicitly has type 'any' because it does not have a type annotation and is referenced directly or indirectly in its own initializer.
convex/funds/subscription_redemption.ts(151,35): error TS2589: Type instantiation is excessively deep and possibly infinite.
convex/funds/subscription_redemption.ts(153,13): error TS2589: Type instantiation is excessively deep and possibly infinite.
convex/funds/subscription_redemption.ts(154,17): error TS2589: Type instantiation is excessively deep and possibly infinite.
convex/funds/subscription_redemption.ts(155,21): error TS2589: Type instantiation is excessively deep and possibly infinite.
convex/funds/subscription_redemption.ts(155,29): error TS2589: Type instantiation is excessively deep and possibly infinite.
convex/funds/subscription_redemption.ts(155,48): error TS2589: Type instantiation is excessively deep and possibly infinite.
convex/funds/subscription_redemption.ts(155,70): error TS2589: Type instantiation is excessively deep and possibly infinite.
convex/funds/subscription_redemption.ts(155,95): error TS2589: Type instantiation is excessively deep and possibly infinite.
convex/funds/subscription_redemption.ts(156,23): error TS2589: Type instantiation is excessively deep and possibly infinite.
convex/funds/subscription_redemption.ts(157,18): error TS2589: Type instantiation is excessively deep and possibly infinite.
convex/funds/subscription_redemption.ts(164,12): error TS2589: Type instantiation is excessively deep and possibly infinite.
convex/funds/subscription_redemption.ts(232,50): error TS2589: Type instantiation is excessively deep and possibly infinite.
convex/funds/subscription_redemption.ts(310,41): error TS2589: Type instantiation is excessively deep and possibly infinite.
convex/funds/subscription_redemption.ts(312,13): error TS2589: Type instantiation is excessively deep and possibly infinite.
convex/funds/subscription_redemption.ts(313,17): error TS2589: Type instantiation is excessively deep and possibly infinite.
convex/funds/subscription_redemption.ts(328,12): error TS2589: Type instantiation is excessively deep and possibly infinite.
convex/funds/subscription_redemption.ts(329,18): error TS2589: Type instantiation is excessively deep and possibly infinite.
convex/funds/subscription_redemption.ts(329,18): error TS2589: Type instantiation is excessively deep and possibly infinite.
convex/funds/subscription_redemption.ts(329,18): error TS2589: Type instantiation is excessively deep and possibly infinite.
convex/funds/subscription_redemption.ts(348,39): error TS2589: Type instantiation is excessively deep and possibly infinite.
convex/funds/subscription_redemption.ts(350,13): error TS2589: Type instantiation is excessively deep and possibly infinite.
convex/funds/subscription_redemption.ts(351,17): error TS2589: Type instantiation is excessively deep and possibly infinite.
convex/funds/subscription_redemption.ts(365,12): error TS2589: Type instantiation is excessively deep and possibly infinite.
convex/funds/subscription_redemption.ts(384,35): error TS2589: Type instantiation is excessively deep and possibly infinite.
convex/funds/subscription_redemption.ts(386,13): error TS2589: Type instantiation is excessively deep and possibly infinite.
convex/funds/subscription_redemption.ts(387,17): error TS2589: Type instantiation is excessively deep and possibly infinite.
convex/funds/subscription_redemption.ts(393,12): error TS2589: Type instantiation is excessively deep and possibly infinite.
convex/funds/subscription_redemption.ts(450,46): error TS2589: Type instantiation is excessively deep and possibly infinite.
convex/funds/subscription_redemption.ts(452,13): error TS2589: Type instantiation is excessively deep and possibly infinite.
convex/funds/subscription_redemption.ts(453,17): error TS2589: Type instantiation is excessively deep and possibly infinite.
convex/funds/subscription_redemption.ts(458,12): error TS2589: Type instantiation is excessively deep and possibly infinite.
convex/funds/subscription_redemption.ts(501,41): error TS2589: Type instantiation is excessively deep and possibly infinite.
convex/funds/subscription_redemption.ts(503,21): error TS2589: Type instantiation is excessively deep and possibly infinite.
convex/funds/subscription_redemption.ts(504,13): error TS2589: Type instantiation is excessively deep and possibly infinite.
convex/funds/subscription_redemption.ts(505,7): error TS2589: Type instantiation is excessively deep and possibly infinite.
convex/funds/subscription_redemption.ts(506,7): error TS2589: Type instantiation is excessively deep and possibly infinite.
convex/funds/subscription_redemption.ts(507,7): error TS2589: Type instantiation is excessively deep and possibly infinite.
convex/funds/subscription_redemption.ts(508,7): error TS2589: Type instantiation is excessively deep and possibly infinite.
convex/funds/subscription_redemption.ts(510,20): error TS2589: Type instantiation is excessively deep and possibly infinite.
convex/funds/subscription_redemption.ts(512,12): error TS2589: Type instantiation is excessively deep and possibly infinite.
convex/funds/subscription_redemption.ts(521,39): error TS2589: Type instantiation is excessively deep and possibly infinite.
convex/funds/subscription_redemption.ts(523,19): error TS2589: Type instantiation is excessively deep and possibly infinite.
convex/funds/subscription_redemption.ts(524,13): error TS2589: Type instantiation is excessively deep and possibly infinite.
convex/funds/subscription_redemption.ts(525,7): error TS2589: Type instantiation is excessively deep and possibly infinite.
convex/funds/subscription_redemption.ts(526,7): error TS2589: Type instantiation is excessively deep and possibly infinite.
convex/funds/subscription_redemption.ts(527,7): error TS2589: Type instantiation is excessively deep and possibly infinite.
convex/funds/subscription_redemption.ts(528,7): error TS2589: Type instantiation is excessively deep and possibly infinite.
convex/funds/subscription_redemption.ts(530,20): error TS2589: Type instantiation is excessively deep and possibly infinite.
convex/funds/subscription_redemption.ts(532,12): error TS2589: Type instantiation is excessively deep and possibly infinite.
convex/funds/subscription_redemption.ts(542,32): error TS2589: Type instantiation is excessively deep and possibly infinite.
convex/funds/subscription_redemption.ts(544,21): error TS2589: Type instantiation is excessively deep and possibly infinite.
convex/funds/subscription_redemption.ts(546,12): error TS2589: Type instantiation is excessively deep and possibly infinite.
convex/funds/subscription_redemption.ts(547,18): error TS2589: Type instantiation is excessively deep and possibly infinite.
convex/funds/subscription_redemption.ts(547,18): error TS2589: Type instantiation is excessively deep and possibly infinite.
convex/funds/subscription_redemption.ts(547,18): error TS2589: Type instantiation is excessively deep and possibly infinite.
convex/funds/subscription_redemption.ts(551,30): error TS2589: Type instantiation is excessively deep and possibly infinite.
convex/funds/subscription_redemption.ts(553,19): error TS2589: Type instantiation is excessively deep and possibly infinite.
convex/funds/subscription_redemption.ts(555,12): error TS2589: Type instantiation is excessively deep and possibly infinite.
convex/governance/multisig.ts(47,38): error TS2589: Type instantiation is excessively deep and possibly infinite.
convex/governance/multisig.ts(49,18): error TS2589: Type instantiation is excessively deep and possibly infinite.
convex/governance/multisig.ts(55,12): error TS2589: Type instantiation is excessively deep and possibly infinite.
convex/governance/multisig.ts(123,30): error TS2589: Type instantiation is excessively deep and possibly infinite.
convex/governance/multisig.ts(164,43): error TS2589: Type instantiation is excessively deep and possibly infinite.
convex/governance/multisig.ts(167,18): error TS2589: Type instantiation is excessively deep and possibly infinite.
convex/governance/multisig.ts(174,12): error TS2589: Type instantiation is excessively deep and possibly infinite.
convex/governance/multisig.ts(271,46): error TS2589: Type instantiation is excessively deep and possibly infinite.
convex/governance/multisig.ts(279,12): error TS2589: Type instantiation is excessively deep and possibly infinite.
convex/investors/management.ts(5,33): error TS2589: Type instantiation is excessively deep and possibly infinite.
convex/investors/management.ts(10,26): error TS2589: Type instantiation is excessively deep and possibly infinite.
convex/investors/management.ts(11,7): error TS2589: Type instantiation is excessively deep and possibly infinite.
convex/investors/management.ts(12,7): error TS2589: Type instantiation is excessively deep and possibly infinite.
convex/investors/management.ts(13,7): error TS2589: Type instantiation is excessively deep and possibly infinite.
convex/investors/management.ts(16,12): error TS2589: Type instantiation is excessively deep and possibly infinite.
convex/investors/management.ts(25,29): error TS7006: Parameter 'q' implicitly has an 'any' type.
convex/investors/management.ts(60,32): error TS2589: Type instantiation is excessively deep and possibly infinite.
convex/investors/management.ts(62,17): error TS2589: Type instantiation is excessively deep and possibly infinite.
convex/investors/management.ts(63,16): error TS2589: Type instantiation is excessively deep and possibly infinite.
convex/investors/management.ts(64,7): error TS2589: Type instantiation is excessively deep and possibly infinite.
convex/investors/management.ts(65,7): error TS2589: Type instantiation is excessively deep and possibly infinite.
convex/investors/management.ts(66,7): error TS2589: Type instantiation is excessively deep and possibly infinite.
convex/investors/management.ts(67,7): error TS2589: Type instantiation is excessively deep and possibly infinite.
convex/investors/management.ts(69,16): error TS2589: Type instantiation is excessively deep and possibly infinite.
convex/investors/management.ts(70,7): error TS2589: Type instantiation is excessively deep and possibly infinite.
convex/investors/management.ts(71,7): error TS2589: Type instantiation is excessively deep and possibly infinite.
convex/investors/management.ts(72,7): error TS2589: Type instantiation is excessively deep and possibly infinite.
convex/investors/management.ts(75,12): error TS2589: Type instantiation is excessively deep and possibly infinite.
convex/investors/management.ts(86,30): error TS2589: Type instantiation is excessively deep and possibly infinite.
convex/investors/management.ts(88,17): error TS2589: Type instantiation is excessively deep and possibly infinite.
convex/investors/management.ts(89,17): error TS2589: Type instantiation is excessively deep and possibly infinite.
convex/investors/management.ts(89,26): error TS2589: Type instantiation is excessively deep and possibly infinite.
convex/investors/management.ts(94,18): error TS2589: Type instantiation is excessively deep and possibly infinite.
convex/investors/management.ts(95,15): error TS2589: Type instantiation is excessively deep and possibly infinite.
convex/investors/management.ts(96,9): error TS2589: Type instantiation is excessively deep and possibly infinite.
convex/investors/management.ts(97,9): error TS2589: Type instantiation is excessively deep and possibly infinite.
convex/investors/management.ts(98,9): error TS2589: Type instantiation is excessively deep and possibly infinite.
convex/investors/management.ts(102,12): error TS2589: Type instantiation is excessively deep and possibly infinite.
convex/investors/management.ts(120,58): error TS7006: Parameter 'cred' implicitly has an 'any' type.
convex/investors/management.ts(143,33): error TS2589: Type instantiation is excessively deep and possibly infinite.
convex/investors/management.ts(145,17): error TS2589: Type instantiation is excessively deep and possibly infinite.
convex/investors/management.ts(149,12): error TS2589: Type instantiation is excessively deep and possibly infinite.
convex/investors/management.ts(157,58): error TS7006: Parameter 'cred' implicitly has an 'any' type.
convex/investors/management.ts(170,53): error TS7006: Parameter 'cred' implicitly has an 'any' type.
convex/investors/management.ts(184,36): error TS2589: Type instantiation is excessively deep and possibly infinite.
convex/investors/management.ts(186,17): error TS2589: Type instantiation is excessively deep and possibly infinite.
convex/investors/management.ts(189,12): error TS2589: Type instantiation is excessively deep and possibly infinite.
convex/investors/management.ts(207,34): error TS2589: Type instantiation is excessively deep and possibly infinite.
convex/investors/management.ts(209,17): error TS2589: Type instantiation is excessively deep and possibly infinite.
convex/investors/management.ts(219,19): error TS2589: Type instantiation is excessively deep and possibly infinite.
convex/investors/management.ts(221,25): error TS2589: Type instantiation is excessively deep and possibly infinite.
convex/investors/management.ts(221,34): error TS2589: Type instantiation is excessively deep and possibly infinite.
convex/investors/management.ts(227,12): error TS2589: Type instantiation is excessively deep and possibly infinite.
convex/investors/management.ts(247,34): error TS2589: Type instantiation is excessively deep and possibly infinite.
convex/investors/management.ts(249,17): error TS2589: Type instantiation is excessively deep and possibly infinite.
convex/investors/management.ts(251,25): error TS2589: Type instantiation is excessively deep and possibly infinite.
convex/investors/management.ts(251,34): error TS2589: Type instantiation is excessively deep and possibly infinite.
convex/investors/management.ts(257,12): error TS2589: Type instantiation is excessively deep and possibly infinite.
convex/investors/management.ts(267,28): error TS2589: Type instantiation is excessively deep and possibly infinite.
convex/investors/management.ts(269,13): error TS2589: Type instantiation is excessively deep and possibly infinite.
convex/investors/management.ts(270,17): error TS2589: Type instantiation is excessively deep and possibly infinite.
convex/investors/management.ts(272,12): error TS2589: Type instantiation is excessively deep and possibly infinite.
convex/investors/management.ts(278,20): error TS2589: Type instantiation is excessively deep and possibly infinite.
convex/investors/management.ts(278,20): error TS2589: Type instantiation is excessively deep and possibly infinite.
convex/investors/management.ts(280,31): error TS7006: Parameter 'q' implicitly has an 'any' type.
convex/investors/management.ts(291,29): error TS7006: Parameter 'q' implicitly has an 'any' type.
convex/investors/management.ts(296,43): error TS2589: Type instantiation is excessively deep and possibly infinite.
convex/investors/management.ts(300,12): error TS2589: Type instantiation is excessively deep and possibly infinite.
convex/investors/management.ts(301,18): error TS2589: Type instantiation is excessively deep and possibly infinite.
convex/investors/management.ts(303,48): error TS7006: Parameter 'q' implicitly has an 'any' type.
convex/investors/management.ts(308,36): error TS2589: Type instantiation is excessively deep and possibly infinite.
convex/investors/management.ts(310,13): error TS2589: Type instantiation is excessively deep and possibly infinite.
convex/investors/management.ts(311,17): error TS2589: Type instantiation is excessively deep and possibly infinite.
convex/investors/management.ts(313,12): error TS2589: Type instantiation is excessively deep and possibly infinite.
convex/investors/management.ts(316,20): error TS2589: Type instantiation is excessively deep and possibly infinite.
convex/investors/management.ts(325,43): error TS2589: Type instantiation is excessively deep and possibly infinite.
convex/investors/management.ts(327,17): error TS2589: Type instantiation is excessively deep and possibly infinite.
convex/investors/management.ts(328,13): error TS2589: Type instantiation is excessively deep and possibly infinite.
convex/investors/management.ts(330,12): error TS2589: Type instantiation is excessively deep and possibly infinite.
convex/oracles/price_feeds.ts(7,32): error TS2589: Type instantiation is excessively deep and possibly infinite.
convex/oracles/price_feeds.ts(19,12): error TS2589: Type instantiation is excessively deep and possibly infinite.
convex/oracles/price_feeds.ts(28,16): error TS2589: Type instantiation is excessively deep and possibly infinite.
convex/oracles/price_feeds.ts(84,31): error TS2589: Type instantiation is excessively deep and possibly infinite.
convex/oracles/price_feeds.ts(99,12): error TS2589: Type instantiation is excessively deep and possibly infinite.
convex/oracles/price_feeds.ts(142,34): error TS2589: Type instantiation is excessively deep and possibly infinite.
convex/oracles/price_feeds.ts(147,12): error TS2589: Type instantiation is excessively deep and possibly infinite.
convex/oracles/price_feeds.ts(150,32): error TS2339: Property 'db' does not exist on type 'GenericActionCtx<any>'.
convex/oracles/price_feeds.ts(152,17): error TS7006: Parameter 'q' implicitly has an 'any' type.
convex/oracles/price_feeds.ts(161,19): error TS2339: Property 'db' does not exist on type 'GenericActionCtx<any>'.
convex/oracles/price_feeds.ts(190,31): error TS2589: Type instantiation is excessively deep and possibly infinite.
convex/oracles/price_feeds.ts(193,13): error TS2589: Type instantiation is excessively deep and possibly infinite.
convex/oracles/price_feeds.ts(195,12): error TS2589: Type instantiation is excessively deep and possibly infinite.
convex/oracles/price_feeds.ts(212,32): error TS2589: Type instantiation is excessively deep and possibly infinite.
convex/oracles/price_feeds.ts(215,13): error TS2589: Type instantiation is excessively deep and possibly infinite.
convex/oracles/price_feeds.ts(218,12): error TS2589: Type instantiation is excessively deep and possibly infinite.
convex/oracles/price_feeds.ts(220,12): error TS2589: Type instantiation is excessively deep and possibly infinite.
convex/oracles/price_feeds.ts(231,9): error TS2589: Type instantiation is excessively deep and possibly infinite.
convex/oracles/price_feeds.ts(232,9): error TS2589: Type instantiation is excessively deep and possibly infinite.
convex/oracles/price_feeds.ts(237,27): error TS7006: Parameter 'feed' implicitly has an 'any' type.
convex/oracles/price_feeds.ts(246,32): error TS2589: Type instantiation is excessively deep and possibly infinite.
convex/oracles/price_feeds.ts(249,14): error TS2589: Type instantiation is excessively deep and possibly infinite.
convex/oracles/price_feeds.ts(251,12): error TS2589: Type instantiation is excessively deep and possibly infinite.
convex/oracles/price_feeds.ts(253,24): error TS7006: Parameter 'source' implicitly has an 'any' type.
convex/oracles/price_feeds.ts(267,15): error TS7006: Parameter 'feed' implicitly has an 'any' type.
convex/oracles/price_feeds.ts(274,44): error TS7006: Parameter 'sum' implicitly has an 'any' type.
convex/oracles/price_feeds.ts(274,49): error TS7006: Parameter 'feed' implicitly has an 'any' type.
convex/oracles/price_feeds.ts(275,46): error TS7006: Parameter 'sum' implicitly has an 'any' type.
convex/oracles/price_feeds.ts(275,51): error TS7006: Parameter 'feed' implicitly has an 'any' type.
convex/oracles/price_feeds.ts(278,35): error TS7006: Parameter 'feed' implicitly has an 'any' type.
convex/oracles/price_feeds.ts(292,31): error TS7006: Parameter 'feed' implicitly has an 'any' type.
convex/oracles/price_feeds.ts(302,34): error TS2589: Type instantiation is excessively deep and possibly infinite.
convex/oracles/price_feeds.ts(309,12): error TS2589: Type instantiation is excessively deep and possibly infinite.
convex/oracles/price_feeds.ts(312,37): error TS2339: Property 'db' does not exist on type 'GenericActionCtx<any>'.
convex/oracles/price_feeds.ts(314,17): error TS7006: Parameter 'q' implicitly has an 'any' type.
convex/oracles/price_feeds.ts(315,17): error TS7006: Parameter 'q' implicitly has an 'any' type.
convex/oracles/price_feeds.ts(327,44): error TS7006: Parameter 'feed' implicitly has an 'any' type.
convex/oracles/price_feeds.ts(328,45): error TS7006: Parameter 'sum' implicitly has an 'any' type.
convex/oracles/price_feeds.ts(328,50): error TS7006: Parameter 'price' implicitly has an 'any' type.
convex/oracles/price_feeds.ts(341,46): error TS7006: Parameter 'feed' implicitly has an 'any' type.
convex/oracles/price_feeds.ts(343,29): error TS7006: Parameter 'sum' implicitly has an 'any' type.
convex/oracles/price_feeds.ts(343,34): error TS7006: Parameter 'feed' implicitly has an 'any' type.
convex/oracles/price_feeds.ts(365,33): error TS2589: Type instantiation is excessively deep and possibly infinite.
convex/oracles/price_feeds.ts(369,16): error TS2589: Type instantiation is excessively deep and possibly infinite.
convex/oracles/price_feeds.ts(369,24): error TS2589: Type instantiation is excessively deep and possibly infinite.
convex/oracles/price_feeds.ts(369,44): error TS2589: Type instantiation is excessively deep and possibly infinite.
convex/oracles/price_feeds.ts(370,13): error TS2589: Type instantiation is excessively deep and possibly infinite.
convex/oracles/price_feeds.ts(373,12): error TS2589: Type instantiation is excessively deep and possibly infinite.
convex/oracles/price_feeds.ts(383,33): error TS2589: Type instantiation is excessively deep and possibly infinite.
convex/oracles/price_feeds.ts(385,14): error TS2589: Type instantiation is excessively deep and possibly infinite.
convex/oracles/price_feeds.ts(387,12): error TS2589: Type instantiation is excessively deep and possibly infinite.
convex/oracles/price_feeds.ts(389,31): error TS7006: Parameter 'symbol' implicitly has an 'any' type.
convex/risk/risk_management.ts(101,46): error TS2589: Type instantiation is excessively deep and possibly infinite.
convex/risk/risk_management.ts(108,12): error TS2589: Type instantiation is excessively deep and possibly infinite.
convex/risk/risk_management.ts(182,46): error TS2589: Type instantiation is excessively deep and possibly infinite.
convex/risk/risk_management.ts(189,12): error TS2589: Type instantiation is excessively deep and possibly infinite.
convex/risk/risk_management.ts(261,45): error TS2589: Type instantiation is excessively deep and possibly infinite.
convex/risk/risk_management.ts(267,12): error TS2589: Type instantiation is excessively deep and possibly infinite.
convex/security/hsm_mpc.ts(16,43): error TS2589: Type instantiation is excessively deep and possibly infinite.
convex/security/hsm_mpc.ts(18,13): error TS2589: Type instantiation is excessively deep and possibly infinite.
convex/security/hsm_mpc.ts(19,18): error TS2589: Type instantiation is excessively deep and possibly infinite.
convex/security/hsm_mpc.ts(20,7): error TS2589: Type instantiation is excessively deep and possibly infinite.
convex/security/hsm_mpc.ts(21,7): error TS2589: Type instantiation is excessively deep and possibly infinite.
convex/security/hsm_mpc.ts(22,7): error TS2589: Type instantiation is excessively deep and possibly infinite.
convex/security/hsm_mpc.ts(23,7): error TS2589: Type instantiation is excessively deep and possibly infinite.
convex/security/hsm_mpc.ts(24,7): error TS2589: Type instantiation is excessively deep and possibly infinite.
convex/security/hsm_mpc.ts(26,23): error TS2589: Type instantiation is excessively deep and possibly infinite.
convex/security/hsm_mpc.ts(26,32): error TS2589: Type instantiation is excessively deep and possibly infinite.
convex/security/hsm_mpc.ts(30,18): error TS2589: Type instantiation is excessively deep and possibly infinite.
convex/security/hsm_mpc.ts(32,19): error TS2589: Type instantiation is excessively deep and possibly infinite.
convex/security/hsm_mpc.ts(36,28): error TS2589: Type instantiation is excessively deep and possibly infinite.
convex/security/hsm_mpc.ts(43,29): error TS2589: Type instantiation is excessively deep and possibly infinite.
convex/security/hsm_mpc.ts(43,38): error TS2589: Type instantiation is excessively deep and possibly infinite.
convex/security/hsm_mpc.ts(46,29): error TS2589: Type instantiation is excessively deep and possibly infinite.
convex/security/hsm_mpc.ts(47,26): error TS2589: Type instantiation is excessively deep and possibly infinite.
convex/security/hsm_mpc.ts(50,12): error TS2589: Type instantiation is excessively deep and possibly infinite.
convex/security/hsm_mpc.ts(53,30): error TS2339: Property 'db' does not exist on type 'GenericActionCtx<any>'.
convex/security/hsm_mpc.ts(129,43): error TS2589: Type instantiation is excessively deep and possibly infinite.
convex/security/hsm_mpc.ts(131,13): error TS2589: Type instantiation is excessively deep and possibly infinite.
convex/security/hsm_mpc.ts(132,18): error TS2589: Type instantiation is excessively deep and possibly infinite.
convex/security/hsm_mpc.ts(133,7): error TS2589: Type instantiation is excessively deep and possibly infinite.
convex/security/hsm_mpc.ts(134,7): error TS2589: Type instantiation is excessively deep and possibly infinite.
convex/security/hsm_mpc.ts(135,7): error TS2589: Type instantiation is excessively deep and possibly infinite.
convex/security/hsm_mpc.ts(136,7): error TS2589: Type instantiation is excessively deep and possibly infinite.
convex/security/hsm_mpc.ts(137,7): error TS2589: Type instantiation is excessively deep and possibly infinite.
convex/security/hsm_mpc.ts(139,23): error TS2589: Type instantiation is excessively deep and possibly infinite.
convex/security/hsm_mpc.ts(139,32): error TS2589: Type instantiation is excessively deep and possibly infinite.
convex/security/hsm_mpc.ts(145,21): error TS2589: Type instantiation is excessively deep and possibly infinite.
convex/security/hsm_mpc.ts(145,29): error TS2589: Type instantiation is excessively deep and possibly infinite.
convex/security/hsm_mpc.ts(145,38): error TS2589: Type instantiation is excessively deep and possibly infinite.
convex/security/hsm_mpc.ts(152,21): error TS2589: Type instantiation is excessively deep and possibly infinite.
convex/security/hsm_mpc.ts(152,30): error TS2589: Type instantiation is excessively deep and possibly infinite.
convex/security/hsm_mpc.ts(160,12): error TS2589: Type instantiation is excessively deep and possibly infinite.
convex/security/hsm_mpc.ts(167,30): error TS2339: Property 'db' does not exist on type 'GenericActionCtx<any>'.
convex/security/hsm_mpc.ts(250,44): error TS2589: Type instantiation is excessively deep and possibly infinite.
convex/security/hsm_mpc.ts(252,22): error TS2589: Type instantiation is excessively deep and possibly infinite.
convex/security/hsm_mpc.ts(253,22): error TS2589: Type instantiation is excessively deep and possibly infinite.
convex/security/hsm_mpc.ts(253,31): error TS2589: Type instantiation is excessively deep and possibly infinite.
convex/security/hsm_mpc.ts(256,20): error TS2589: Type instantiation is excessively deep and possibly infinite.
convex/security/hsm_mpc.ts(257,15): error TS2589: Type instantiation is excessively deep and possibly infinite.
convex/security/hsm_mpc.ts(258,14): error TS2589: Type instantiation is excessively deep and possibly infinite.
convex/security/hsm_mpc.ts(258,25): error TS2589: Type instantiation is excessively deep and possibly infinite.
convex/security/hsm_mpc.ts(261,25): error TS2589: Type instantiation is excessively deep and possibly infinite.
convex/security/hsm_mpc.ts(261,34): error TS2589: Type instantiation is excessively deep and possibly infinite.
convex/security/hsm_mpc.ts(263,22): error TS2589: Type instantiation is excessively deep and possibly infinite.
convex/security/hsm_mpc.ts(264,25): error TS2589: Type instantiation is excessively deep and possibly infinite.
convex/security/hsm_mpc.ts(265,26): error TS2589: Type instantiation is excessively deep and possibly infinite.
convex/security/hsm_mpc.ts(269,12): error TS2589: Type instantiation is excessively deep and possibly infinite.
convex/security/hsm_mpc.ts(272,39): error TS2339: Property 'db' does not exist on type 'GenericActionCtx<any>'.
convex/security/hsm_mpc.ts(362,44): error TS2589: Type instantiation is excessively deep and possibly infinite.
convex/security/hsm_mpc.ts(364,22): error TS2589: Type instantiation is excessively deep and possibly infinite.
convex/security/hsm_mpc.ts(366,26): error TS2589: Type instantiation is excessively deep and possibly infinite.
convex/security/hsm_mpc.ts(366,34): error TS2589: Type instantiation is excessively deep and possibly infinite.
convex/security/hsm_mpc.ts(366,43): error TS2589: Type instantiation is excessively deep and possibly infinite.
convex/security/hsm_mpc.ts(374,12): error TS2589: Type instantiation is excessively deep and possibly infinite.
convex/security/hsm_mpc.ts(377,39): error TS2339: Property 'db' does not exist on type 'GenericActionCtx<any>'.
convex/security/hsm_mpc.ts(439,42): error TS2589: Type instantiation is excessively deep and possibly infinite.
convex/security/hsm_mpc.ts(441,13): error TS2589: Type instantiation is excessively deep and possibly infinite.
convex/security/hsm_mpc.ts(449,12): error TS2589: Type instantiation is excessively deep and possibly infinite.
convex/security/hsm_mpc.ts(464,32): error TS2589: Type instantiation is excessively deep and possibly infinite.
convex/security/hsm_mpc.ts(466,13): error TS2589: Type instantiation is excessively deep and possibly infinite.
convex/security/hsm_mpc.ts(475,12): error TS2589: Type instantiation is excessively deep and possibly infinite.
convex/security/hsm_mpc.ts(492,37): error TS2589: Type instantiation is excessively deep and possibly infinite.
convex/security/hsm_mpc.ts(494,22): error TS2589: Type instantiation is excessively deep and possibly infinite.
convex/security/hsm_mpc.ts(496,13): error TS2589: Type instantiation is excessively deep and possibly infinite.
convex/security/hsm_mpc.ts(498,12): error TS2589: Type instantiation is excessively deep and possibly infinite.
convex/security/hsm_mpc.ts(508,36): error TS2589: Type instantiation is excessively deep and possibly infinite.
convex/security/hsm_mpc.ts(510,22): error TS2589: Type instantiation is excessively deep and possibly infinite.
convex/security/hsm_mpc.ts(514,12): error TS2589: Type instantiation is excessively deep and possibly infinite.
convex/security/hsm_mpc.ts(523,36): error TS2589: Type instantiation is excessively deep and possibly infinite.
convex/security/hsm_mpc.ts(525,22): error TS2589: Type instantiation is excessively deep and possibly infinite.
convex/security/hsm_mpc.ts(529,12): error TS2589: Type instantiation is excessively deep and possibly infinite.
convex/transactions/subscriptions.ts(5,32): error TS2589: Type instantiation is excessively deep and possibly infinite.
convex/transactions/subscriptions.ts(7,13): error TS2589: Type instantiation is excessively deep and possibly infinite.
convex/transactions/subscriptions.ts(11,12): error TS2589: Type instantiation is excessively deep and possibly infinite.
convex/transactions/subscriptions.ts(20,29): error TS7006: Parameter 'q' implicitly has an 'any' type.
convex/transactions/subscriptions.ts(86,33): error TS7006: Parameter 'q' implicitly has an 'any' type.
convex/transactions/subscriptions.ts(133,31): error TS2589: Type instantiation is excessively deep and possibly infinite.
convex/transactions/subscriptions.ts(135,13): error TS2589: Type instantiation is excessively deep and possibly infinite.
convex/transactions/subscriptions.ts(139,12): error TS2589: Type instantiation is excessively deep and possibly infinite.
convex/transactions/subscriptions.ts(148,29): error TS7006: Parameter 'q' implicitly has an 'any' type.
convex/transactions/subscriptions.ts(164,33): error TS7006: Parameter 'q' implicitly has an 'any' type.
convex/transactions/subscriptions.ts(242,35): error TS2589: Type instantiation is excessively deep and possibly infinite.
convex/transactions/subscriptions.ts(244,20): error TS2589: Type instantiation is excessively deep and possibly infinite.
convex/transactions/subscriptions.ts(245,13): error TS2589: Type instantiation is excessively deep and possibly infinite.
convex/transactions/subscriptions.ts(246,7): error TS2589: Type instantiation is excessively deep and possibly infinite.
convex/transactions/subscriptions.ts(247,7): error TS2589: Type instantiation is excessively deep and possibly infinite.
convex/transactions/subscriptions.ts(248,7): error TS2589: Type instantiation is excessively deep and possibly infinite.
convex/transactions/subscriptions.ts(250,14): error TS2589: Type instantiation is excessively deep and possibly infinite.
convex/transactions/subscriptions.ts(251,15): error TS2589: Type instantiation is excessively deep and possibly infinite.
convex/transactions/subscriptions.ts(253,12): error TS2589: Type instantiation is excessively deep and possibly infinite.
convex/transactions/subscriptions.ts(281,36): error TS2589: Type instantiation is excessively deep and possibly infinite.
convex/transactions/subscriptions.ts(283,17): error TS2589: Type instantiation is excessively deep and possibly infinite.
convex/transactions/subscriptions.ts(285,12): error TS2589: Type instantiation is excessively deep and possibly infinite.
convex/transactions/subscriptions.ts(296,31): error TS7006: Parameter 'q' implicitly has an 'any' type.
convex/transactions/subscriptions.ts(308,33): error TS7006: Parameter 'q' implicitly has an 'any' type.
convex/transactions/subscriptions.ts(312,36): error TS2589: Type instantiation is excessively deep and possibly infinite.
convex/transactions/subscriptions.ts(313,27): error TS7006: Parameter 'holding' implicitly has an 'any' type.
convex/transactions/subscriptions.ts(326,31): error TS2589: Type instantiation is excessively deep and possibly infinite.
convex/transactions/subscriptions.ts(328,13): error TS2589: Type instantiation is excessively deep and possibly infinite.
convex/transactions/subscriptions.ts(330,12): error TS2589: Type instantiation is excessively deep and possibly infinite.
convex/transactions/subscriptions.ts(333,29): error TS7006: Parameter 'q' implicitly has an 'any' type.
convex/transactions/subscriptions.ts(334,20): error TS2589: Type instantiation is excessively deep and possibly infinite.
convex/transactions/subscriptions.ts(339,27): error TS7006: Parameter 'holding' implicitly has an 'any' type.
convex/transactions/subscriptions.ts(352,38): error TS2589: Type instantiation is excessively deep and possibly infinite.
convex/transactions/subscriptions.ts(354,13): error TS2589: Type instantiation is excessively deep and possibly infinite.
convex/transactions/subscriptions.ts(355,17): error TS2589: Type instantiation is excessively deep and possibly infinite.
convex/transactions/subscriptions.ts(356,11): error TS2589: Type instantiation is excessively deep and possibly infinite.
convex/transactions/subscriptions.ts(356,22): error TS2589: Type instantiation is excessively deep and possibly infinite.
convex/transactions/subscriptions.ts(357,7): error TS2589: Type instantiation is excessively deep and possibly infinite.
convex/transactions/subscriptions.ts(358,7): error TS2589: Type instantiation is excessively deep and possibly infinite.
convex/transactions/subscriptions.ts(359,7): error TS2589: Type instantiation is excessively deep and possibly infinite.
convex/transactions/subscriptions.ts(360,7): error TS2589: Type instantiation is excessively deep and possibly infinite.
convex/transactions/subscriptions.ts(361,7): error TS2589: Type instantiation is excessively deep and possibly infinite.
convex/transactions/subscriptions.ts(362,7): error TS2589: Type instantiation is excessively deep and possibly infinite.
convex/transactions/subscriptions.ts(363,7): error TS2589: Type instantiation is excessively deep and possibly infinite.
convex/transactions/subscriptions.ts(365,12): error TS2589: Type instantiation is excessively deep and possibly infinite.
convex/transactions/subscriptions.ts(367,12): error TS2589: Type instantiation is excessively deep and possibly infinite.
convex/transactions/subscriptions.ts(369,20): error TS2589: Type instantiation is excessively deep and possibly infinite.
convex/transactions/subscriptions.ts(369,20): error TS2589: Type instantiation is excessively deep and possibly infinite.
convex/transactions/subscriptions.ts(369,20): error TS2589: Type instantiation is excessively deep and possibly infinite.
convex/transactions/subscriptions.ts(371,31): error TS7006: Parameter 'q' implicitly has an 'any' type.
convex/transactions/subscriptions.ts(378,35): error TS7006: Parameter 'q' implicitly has an 'any' type.
convex/transactions/subscriptions.ts(385,31): error TS7006: Parameter 'q' implicitly has an 'any' type.
convex/xrpl/amm_integration.ts(18,39): error TS2589: Type instantiation is excessively deep and possibly infinite.
convex/xrpl/amm_integration.ts(21,23): error TS2589: Type instantiation is excessively deep and possibly infinite.
convex/xrpl/amm_integration.ts(21,32): error TS2589: Type instantiation is excessively deep and possibly infinite.
convex/xrpl/amm_integration.ts(25,27): error TS2589: Type instantiation is excessively deep and possibly infinite.
convex/xrpl/amm_integration.ts(31,28): error TS2589: Type instantiation is excessively deep and possibly infinite.
convex/xrpl/amm_integration.ts(32,27): error TS2589: Type instantiation is excessively deep and possibly infinite.
convex/xrpl/amm_integration.ts(32,36): error TS2589: Type instantiation is excessively deep and possibly infinite.
convex/xrpl/amm_integration.ts(36,23): error TS2589: Type instantiation is excessively deep and possibly infinite.
convex/xrpl/amm_integration.ts(36,32): error TS2589: Type instantiation is excessively deep and possibly infinite.
convex/xrpl/amm_integration.ts(41,29): error TS2589: Type instantiation is excessively deep and possibly infinite.
convex/xrpl/amm_integration.ts(41,38): error TS2589: Type instantiation is excessively deep and possibly infinite.
convex/xrpl/amm_integration.ts(46,28): error TS2589: Type instantiation is excessively deep and possibly infinite.
convex/xrpl/amm_integration.ts(47,23): error TS2589: Type instantiation is excessively deep and possibly infinite.
convex/xrpl/amm_integration.ts(52,30): error TS2589: Type instantiation is excessively deep and possibly infinite.
convex/xrpl/amm_integration.ts(55,37): error TS2589: Type instantiation is excessively deep and possibly infinite.
convex/xrpl/amm_integration.ts(61,12): error TS2589: Type instantiation is excessively deep and possibly infinite.
convex/xrpl/amm_integration.ts(206,46): error TS2589: Type instantiation is excessively deep and possibly infinite.
convex/xrpl/amm_integration.ts(210,22): error TS2589: Type instantiation is excessively deep and possibly infinite.
convex/xrpl/amm_integration.ts(210,30): error TS2589: Type instantiation is excessively deep and possibly infinite.
convex/xrpl/amm_integration.ts(210,57): error TS2589: Type instantiation is excessively deep and possibly infinite.
convex/xrpl/amm_integration.ts(211,25): error TS2589: Type instantiation is excessively deep and possibly infinite.
convex/xrpl/amm_integration.ts(211,34): error TS2589: Type instantiation is excessively deep and possibly infinite.
convex/xrpl/amm_integration.ts(217,23): error TS2589: Type instantiation is excessively deep and possibly infinite.
convex/xrpl/amm_integration.ts(224,29): error TS2589: Type instantiation is excessively deep and possibly infinite.
convex/xrpl/amm_integration.ts(224,38): error TS2589: Type instantiation is excessively deep and possibly infinite.
convex/xrpl/amm_integration.ts(229,25): error TS2589: Type instantiation is excessively deep and possibly infinite.
convex/xrpl/amm_integration.ts(237,12): error TS2589: Type instantiation is excessively deep and possibly infinite.
convex/xrpl/amm_integration.ts(371,37): error TS2589: Type instantiation is excessively deep and possibly infinite.
convex/xrpl/amm_integration.ts(375,17): error TS2589: Type instantiation is excessively deep and possibly infinite.
convex/xrpl/amm_integration.ts(375,26): error TS2589: Type instantiation is excessively deep and possibly infinite.
convex/xrpl/amm_integration.ts(376,20): error TS2589: Type instantiation is excessively deep and possibly infinite.
convex/xrpl/amm_integration.ts(376,28): error TS2589: Type instantiation is excessively deep and possibly infinite.
convex/xrpl/amm_integration.ts(376,37): error TS2589: Type instantiation is excessively deep and possibly infinite.
convex/xrpl/amm_integration.ts(384,24): error TS2589: Type instantiation is excessively deep and possibly infinite.
convex/xrpl/amm_integration.ts(390,21): error TS2589: Type instantiation is excessively deep and possibly infinite.
convex/xrpl/amm_integration.ts(390,30): error TS2589: Type instantiation is excessively deep and possibly infinite.
convex/xrpl/amm_integration.ts(400,12): error TS2589: Type instantiation is excessively deep and possibly infinite.
convex/xrpl/amm_integration.ts(413,11): error TS7006: Parameter 'price' implicitly has an 'any' type.
convex/xrpl/amm_integration.ts(453,64): error TS7006: Parameter 'p' implicitly has an 'any' type.
convex/xrpl/client.ts(18,37): error TS2589: Type instantiation is excessively deep and possibly infinite.
convex/xrpl/client.ts(20,14): error TS2589: Type instantiation is excessively deep and possibly infinite.
convex/xrpl/client.ts(20,25): error TS2589: Type instantiation is excessively deep and possibly infinite.
convex/xrpl/client.ts(21,7): error TS2589: Type instantiation is excessively deep and possibly infinite.
convex/xrpl/client.ts(22,7): error TS2589: Type instantiation is excessively deep and possibly infinite.
convex/xrpl/client.ts(23,7): error TS2589: Type instantiation is excessively deep and possibly infinite.
convex/xrpl/client.ts(26,12): error TS2589: Type instantiation is excessively deep and possibly infinite.
convex/xrpl/client.ts(36,32): error TS2589: Type instantiation is excessively deep and possibly infinite.
convex/xrpl/client.ts(65,34): error TS2589: Type instantiation is excessively deep and possibly infinite.
convex/xrpl/client.ts(67,17): error TS2589: Type instantiation is excessively deep and possibly infinite.
convex/xrpl/client.ts(68,14): error TS2589: Type instantiation is excessively deep and possibly infinite.
convex/xrpl/client.ts(68,25): error TS2589: Type instantiation is excessively deep and possibly infinite.
convex/xrpl/client.ts(69,7): error TS2589: Type instantiation is excessively deep and possibly infinite.
convex/xrpl/client.ts(70,7): error TS2589: Type instantiation is excessively deep and possibly infinite.
convex/xrpl/client.ts(71,7): error TS2589: Type instantiation is excessively deep and possibly infinite.
convex/xrpl/client.ts(74,12): error TS2589: Type instantiation is excessively deep and possibly infinite.
convex/xrpl/client.ts(123,31): error TS2589: Type instantiation is excessively deep and possibly infinite.
convex/xrpl/client.ts(126,14): error TS2589: Type instantiation is excessively deep and possibly infinite.
convex/xrpl/client.ts(126,25): error TS2589: Type instantiation is excessively deep and possibly infinite.
convex/xrpl/client.ts(127,7): error TS2589: Type instantiation is excessively deep and possibly infinite.
convex/xrpl/client.ts(128,7): error TS2589: Type instantiation is excessively deep and possibly infinite.
convex/xrpl/client.ts(129,7): error TS2589: Type instantiation is excessively deep and possibly infinite.
convex/xrpl/client.ts(132,12): error TS2589: Type instantiation is excessively deep and possibly infinite.
convex/xrpl/client.ts(140,33): error TS2589: Type instantiation is excessively deep and possibly infinite.
convex/xrpl/client.ts(146,34): error TS2589: Type instantiation is excessively deep and possibly infinite.
convex/xrpl/client.ts(179,34): error TS2589: Type instantiation is excessively deep and possibly infinite.
convex/xrpl/client.ts(181,18): error TS2589: Type instantiation is excessively deep and possibly infinite.
convex/xrpl/client.ts(181,27): error TS2589: Type instantiation is excessively deep and possibly infinite.
convex/xrpl/client.ts(184,20): error TS2589: Type instantiation is excessively deep and possibly infinite.
convex/xrpl/client.ts(185,15): error TS2589: Type instantiation is excessively deep and possibly infinite.
convex/xrpl/client.ts(185,26): error TS2589: Type instantiation is excessively deep and possibly infinite.
convex/xrpl/client.ts(185,46): error TS2589: Type instantiation is excessively deep and possibly infinite.
convex/xrpl/client.ts(190,12): error TS2589: Type instantiation is excessively deep and possibly infinite.
convex/xrpl/client.ts(191,17): error TS2589: Type instantiation is excessively deep and possibly infinite.
convex/xrpl/client.ts(192,27): error TS2589: Type instantiation is excessively deep and possibly infinite.
convex/xrpl/client.ts(195,14): error TS2589: Type instantiation is excessively deep and possibly infinite.
convex/xrpl/client.ts(195,25): error TS2589: Type instantiation is excessively deep and possibly infinite.
convex/xrpl/client.ts(196,7): error TS2589: Type instantiation is excessively deep and possibly infinite.
convex/xrpl/client.ts(197,7): error TS2589: Type instantiation is excessively deep and possibly infinite.
convex/xrpl/client.ts(198,7): error TS2589: Type instantiation is excessively deep and possibly infinite.
convex/xrpl/client.ts(201,12): error TS2589: Type instantiation is excessively deep and possibly infinite.
convex/xrpl/client.ts(240,17): error TS2589: Type instantiation is excessively deep and possibly infinite.
convex/xrpl/client.ts(256,38): error TS2589: Type instantiation is excessively deep and possibly infinite.
convex/xrpl/client.ts(259,12): error TS2589: Type instantiation is excessively deep and possibly infinite.
convex/xrpl/client.ts(260,14): error TS2589: Type instantiation is excessively deep and possibly infinite.
convex/xrpl/client.ts(260,25): error TS2589: Type instantiation is excessively deep and possibly infinite.
convex/xrpl/client.ts(261,7): error TS2589: Type instantiation is excessively deep and possibly infinite.
convex/xrpl/client.ts(262,7): error TS2589: Type instantiation is excessively deep and possibly infinite.
convex/xrpl/client.ts(263,7): error TS2589: Type instantiation is excessively deep and possibly infinite.
convex/xrpl/client.ts(266,12): error TS2589: Type instantiation is excessively deep and possibly infinite.
convex/xrpl/client.ts(274,34): error TS2589: Type instantiation is excessively deep and possibly infinite.
convex/xrpl/did.ts(30,39): error TS2589: Type instantiation is excessively deep and possibly infinite.
convex/xrpl/did.ts(90,39): error TS2589: Type instantiation is excessively deep and possibly infinite.
convex/xrpl/did_management.ts(8,34): error TS2589: Type instantiation is excessively deep and possibly infinite.
convex/xrpl/did_management.ts(10,13): error TS2589: Type instantiation is excessively deep and possibly infinite.
convex/xrpl/did_management.ts(11,17): error TS2589: Type instantiation is excessively deep and possibly infinite.
convex/xrpl/did_management.ts(14,26): error TS2589: Type instantiation is excessively deep and possibly infinite.
convex/xrpl/did_management.ts(14,34): error TS2589: Type instantiation is excessively deep and possibly infinite.
convex/xrpl/did_management.ts(14,43): error TS2589: Type instantiation is excessively deep and possibly infinite.
convex/xrpl/did_management.ts(20,15): error TS2589: Type instantiation is excessively deep and possibly infinite.
convex/xrpl/did_management.ts(20,23): error TS2589: Type instantiation is excessively deep and possibly infinite.
convex/xrpl/did_management.ts(20,32): error TS2589: Type instantiation is excessively deep and possibly infinite.
convex/xrpl/did_management.ts(25,18): error TS2589: Type instantiation is excessively deep and possibly infinite.
convex/xrpl/did_management.ts(25,26): error TS2589: Type instantiation is excessively deep and possibly infinite.
convex/xrpl/did_management.ts(25,35): error TS2589: Type instantiation is excessively deep and possibly infinite.
convex/xrpl/did_management.ts(26,13): error TS2589: Type instantiation is excessively deep and possibly infinite.
convex/xrpl/did_management.ts(29,23): error TS2589: Type instantiation is excessively deep and possibly infinite.
convex/xrpl/did_management.ts(30,26): error TS2589: Type instantiation is excessively deep and possibly infinite.
convex/xrpl/did_management.ts(33,17): error TS2589: Type instantiation is excessively deep and possibly infinite.
convex/xrpl/did_management.ts(35,14): error TS2589: Type instantiation is excessively deep and possibly infinite.
convex/xrpl/did_management.ts(44,12): error TS2589: Type instantiation is excessively deep and possibly infinite.
convex/xrpl/did_management.ts(56,58): error TS7006: Parameter 'vm' implicitly has an 'any' type.
convex/xrpl/did_management.ts(60,54): error TS7006: Parameter 'vm' implicitly has an 'any' type.
convex/xrpl/did_management.ts(61,55): error TS7006: Parameter 'vm' implicitly has an 'any' type.
convex/xrpl/did_management.ts(66,76): error TS2345: Argument of type '"sha256"' is not assignable to parameter of type 'BufferEncoding | undefined'.
convex/xrpl/did_management.ts(74,16): error TS2589: Type instantiation is excessively deep and possibly infinite.
convex/xrpl/did_management.ts(121,33): error TS2589: Type instantiation is excessively deep and possibly infinite.
convex/xrpl/did_management.ts(124,13): error TS2589: Type instantiation is excessively deep and possibly infinite.
convex/xrpl/did_management.ts(125,17): error TS2589: Type instantiation is excessively deep and possibly infinite.
convex/xrpl/did_management.ts(126,15): error TS2589: Type instantiation is excessively deep and possibly infinite.
convex/xrpl/did_management.ts(126,24): error TS2589: Type instantiation is excessively deep and possibly infinite.
convex/xrpl/did_management.ts(127,16): error TS2589: Type instantiation is excessively deep and possibly infinite.
convex/xrpl/did_management.ts(129,27): error TS2589: Type instantiation is excessively deep and possibly infinite.
convex/xrpl/did_management.ts(129,35): error TS2589: Type instantiation is excessively deep and possibly infinite.
convex/xrpl/did_management.ts(129,44): error TS2589: Type instantiation is excessively deep and possibly infinite.
convex/xrpl/did_management.ts(135,23): error TS2589: Type instantiation is excessively deep and possibly infinite.
convex/xrpl/did_management.ts(136,24): error TS2589: Type instantiation is excessively deep and possibly infinite.
convex/xrpl/did_management.ts(137,16): error TS2589: Type instantiation is excessively deep and possibly infinite.
convex/xrpl/did_management.ts(137,24): error TS2589: Type instantiation is excessively deep and possibly infinite.
convex/xrpl/did_management.ts(137,33): error TS2589: Type instantiation is excessively deep and possibly infinite.
convex/xrpl/did_management.ts(143,28): error TS2589: Type instantiation is excessively deep and possibly infinite.
convex/xrpl/did_management.ts(143,36): error TS2589: Type instantiation is excessively deep and possibly infinite.
convex/xrpl/did_management.ts(143,45): error TS2589: Type instantiation is excessively deep and possibly infinite.
convex/xrpl/did_management.ts(145,13): error TS2589: Type instantiation is excessively deep and possibly infinite.
convex/xrpl/did_management.ts(148,23): error TS2589: Type instantiation is excessively deep and possibly infinite.
convex/xrpl/did_management.ts(149,26): error TS2589: Type instantiation is excessively deep and possibly infinite.
convex/xrpl/did_management.ts(152,17): error TS2589: Type instantiation is excessively deep and possibly infinite.
convex/xrpl/did_management.ts(154,14): error TS2589: Type instantiation is excessively deep and possibly infinite.
convex/xrpl/did_management.ts(165,13): error TS2589: Type instantiation is excessively deep and possibly infinite.
convex/xrpl/did_management.ts(166,7): error TS2589: Type instantiation is excessively deep and possibly infinite.
convex/xrpl/did_management.ts(167,7): error TS2589: Type instantiation is excessively deep and possibly infinite.
convex/xrpl/did_management.ts(168,7): error TS2589: Type instantiation is excessively deep and possibly infinite.
convex/xrpl/did_management.ts(172,12): error TS2589: Type instantiation is excessively deep and possibly infinite.
convex/xrpl/did_management.ts(178,61): error TS7006: Parameter 'cred' implicitly has an 'any' type.
convex/xrpl/did_management.ts(193,40): error TS2589: Type instantiation is excessively deep and possibly infinite.
convex/xrpl/did_management.ts(196,17): error TS2589: Type instantiation is excessively deep and possibly infinite.
convex/xrpl/did_management.ts(196,26): error TS2589: Type instantiation is excessively deep and possibly infinite.
convex/xrpl/did_management.ts(197,13): error TS2589: Type instantiation is excessively deep and possibly infinite.
convex/xrpl/did_management.ts(200,23): error TS2589: Type instantiation is excessively deep and possibly infinite.
convex/xrpl/did_management.ts(201,26): error TS2589: Type instantiation is excessively deep and possibly infinite.
convex/xrpl/did_management.ts(204,17): error TS2589: Type instantiation is excessively deep and possibly infinite.
convex/xrpl/did_management.ts(206,14): error TS2589: Type instantiation is excessively deep and possibly infinite.
convex/xrpl/did_management.ts(216,12): error TS2589: Type instantiation is excessively deep and possibly infinite.
convex/xrpl/did_management.ts(218,32): error TS2339: Property 'db' does not exist on type 'GenericActionCtx<any>'.
convex/xrpl/did_management.ts(220,17): error TS7006: Parameter 'q' implicitly has an 'any' type.
convex/xrpl/did_management.ts(241,16): error TS2589: Type instantiation is excessively deep and possibly infinite.
convex/xrpl/did_management.ts(260,17): error TS2339: Property 'db' does not exist on type 'GenericActionCtx<any>'.
convex/xrpl/did_management.ts(282,43): error TS2589: Type instantiation is excessively deep and possibly infinite.
convex/xrpl/did_management.ts(289,12): error TS2589: Type instantiation is excessively deep and possibly infinite.
convex/xrpl/did_management.ts(291,32): error TS2339: Property 'db' does not exist on type 'GenericActionCtx<any>'.
convex/xrpl/did_management.ts(293,17): error TS7006: Parameter 'q' implicitly has an 'any' type.
convex/xrpl/did_management.ts(307,16): error TS2589: Type instantiation is excessively deep and possibly infinite.
convex/xrpl/did_management.ts(325,9): error TS7006: Parameter 'cred' implicitly has an 'any' type.
convex/xrpl/did_management.ts(328,17): error TS2339: Property 'db' does not exist on type 'GenericActionCtx<any>'.
convex/xrpl/did_management.ts(358,40): error TS2589: Type instantiation is excessively deep and possibly infinite.
convex/xrpl/did_management.ts(366,12): error TS2589: Type instantiation is excessively deep and possibly infinite.
convex/xrpl/did_management.ts(390,33): error TS2589: Type instantiation is excessively deep and possibly infinite.
convex/xrpl/did_management.ts(395,12): error TS2589: Type instantiation is excessively deep and possibly infinite.
convex/xrpl/did_management.ts(404,9): error TS7006: Parameter 'cred' implicitly has an 'any' type.
convex/xrpl/did_management.ts(456,31): error TS2589: Type instantiation is excessively deep and possibly infinite.
convex/xrpl/did_management.ts(460,12): error TS2589: Type instantiation is excessively deep and possibly infinite.
convex/xrpl/did_management.ts(481,27): error TS2589: Type instantiation is excessively deep and possibly infinite.
convex/xrpl/did_management.ts(485,12): error TS2589: Type instantiation is excessively deep and possibly infinite.
convex/xrpl/did_management.ts(518,34): error TS2589: Type instantiation is excessively deep and possibly infinite.
convex/xrpl/did_management.ts(521,14): error TS2589: Type instantiation is excessively deep and possibly infinite.
convex/xrpl/did_management.ts(521,23): error TS2589: Type instantiation is excessively deep and possibly infinite.
convex/xrpl/did_management.ts(522,27): error TS2589: Type instantiation is excessively deep and possibly infinite.
convex/xrpl/did_management.ts(522,38): error TS2589: Type instantiation is excessively deep and possibly infinite.
convex/xrpl/did_management.ts(522,46): error TS2589: Type instantiation is excessively deep and possibly infinite.
convex/xrpl/did_management.ts(522,55): error TS2589: Type instantiation is excessively deep and possibly infinite.
convex/xrpl/did_management.ts(528,16): error TS2589: Type instantiation is excessively deep and possibly infinite.
convex/xrpl/did_management.ts(528,27): error TS2589: Type instantiation is excessively deep and possibly infinite.
convex/xrpl/did_management.ts(528,35): error TS2589: Type instantiation is excessively deep and possibly infinite.
convex/xrpl/did_management.ts(528,44): error TS2589: Type instantiation is excessively deep and possibly infinite.
convex/xrpl/did_management.ts(536,12): error TS2589: Type instantiation is excessively deep and possibly infinite.
convex/xrpl/did_management.ts(538,32): error TS2339: Property 'db' does not exist on type 'GenericActionCtx<any>'.
convex/xrpl/did_management.ts(540,17): error TS7006: Parameter 'q' implicitly has an 'any' type.
convex/xrpl/did_management.ts(552,63): error TS7006: Parameter 'vm' implicitly has an 'any' type.
convex/xrpl/did_management.ts(553,64): error TS7006: Parameter 'vm' implicitly has an 'any' type.
convex/xrpl/did_management.ts(559,80): error TS2345: Argument of type '"sha256"' is not assignable to parameter of type 'BufferEncoding | undefined'.
convex/xrpl/did_management.ts(567,16): error TS2589: Type instantiation is excessively deep and possibly infinite.
convex/xrpl/did_management.ts(583,17): error TS2339: Property 'db' does not exist on type 'GenericActionCtx<any>'.
convex/xrpl/did_management.ts(605,30): error TS2589: Type instantiation is excessively deep and possibly infinite.
convex/xrpl/did_management.ts(611,12): error TS2589: Type instantiation is excessively deep and possibly infinite.
convex/xrpl/did_management.ts(613,32): error TS2339: Property 'db' does not exist on type 'GenericActionCtx<any>'.
convex/xrpl/did_management.ts(615,17): error TS7006: Parameter 'q' implicitly has an 'any' type.
convex/xrpl/did_management.ts(629,16): error TS2589: Type instantiation is excessively deep and possibly infinite.
convex/xrpl/did_management.ts(645,17): error TS2339: Property 'db' does not exist on type 'GenericActionCtx<any>'.
convex/xrpl/domains.ts(23,41): error TS2589: Type instantiation is excessively deep and possibly infinite.
convex/xrpl/domains.ts(105,53): error TS2589: Type instantiation is excessively deep and possibly infinite.
convex/xrpl/enhanced_client.ts(49,29): error TS2589: Type instantiation is excessively deep and possibly infinite.
convex/xrpl/enhanced_client.ts(52,30): error TS2589: Type instantiation is excessively deep and possibly infinite.
convex/xrpl/enhanced_client.ts(55,22): error TS2589: Type instantiation is excessively deep and possibly infinite.
convex/xrpl/enhanced_client.ts(109,39): error TS2589: Type instantiation is excessively deep and possibly infinite.
convex/xrpl/enhanced_client.ts(152,30): error TS2589: Type instantiation is excessively deep and possibly infinite.
convex/xrpl/enhanced_client.ts(154,14): error TS2589: Type instantiation is excessively deep and possibly infinite.
convex/xrpl/enhanced_client.ts(179,14): error TS2589: Type instantiation is excessively deep and possibly infinite.
convex/xrpl/enhanced_client.ts(195,38): error TS2589: Type instantiation is excessively deep and possibly infinite.
convex/xrpl/enhanced_client.ts(200,10): error TS2589: Type instantiation is excessively deep and possibly infinite.
convex/xrpl/enhanced_client.ts(201,18): error TS2589: Type instantiation is excessively deep and possibly infinite.
convex/xrpl/enhanced_client.ts(202,13): error TS2589: Type instantiation is excessively deep and possibly infinite.
convex/xrpl/enhanced_client.ts(203,12): error TS2589: Type instantiation is excessively deep and possibly infinite.
convex/xrpl/enhanced_client.ts(203,23): error TS2589: Type instantiation is excessively deep and possibly infinite.
convex/xrpl/enhanced_client.ts(204,24): error TS2589: Type instantiation is excessively deep and possibly infinite.
convex/xrpl/enhanced_client.ts(205,13): error TS2589: Type instantiation is excessively deep and possibly infinite.
convex/xrpl/enhanced_client.ts(206,12): error TS2589: Type instantiation is excessively deep and possibly infinite.
convex/xrpl/enhanced_client.ts(207,15): error TS2589: Type instantiation is excessively deep and possibly infinite.
convex/xrpl/enhanced_client.ts(208,13): error TS2589: Type instantiation is excessively deep and possibly infinite.
convex/xrpl/enhanced_client.ts(209,14): error TS2589: Type instantiation is excessively deep and possibly infinite.
convex/xrpl/enhanced_client.ts(210,19): error TS2589: Type instantiation is excessively deep and possibly infinite.
convex/xrpl/enhanced_client.ts(211,26): error TS2589: Type instantiation is excessively deep and possibly infinite.
convex/xrpl/enhanced_client.ts(212,16): error TS2589: Type instantiation is excessively deep and possibly infinite.
convex/xrpl/enhanced_client.ts(213,19): error TS2589: Type instantiation is excessively deep and possibly infinite.
convex/xrpl/enhanced_client.ts(214,11): error TS2589: Type instantiation is excessively deep and possibly infinite.
convex/xrpl/enhanced_client.ts(215,20): error TS2589: Type instantiation is excessively deep and possibly infinite.
convex/xrpl/enhanced_client.ts(321,39): error TS2589: Type instantiation is excessively deep and possibly infinite.
convex/xrpl/enhanced_client.ts(327,18): error TS2589: Type instantiation is excessively deep and possibly infinite.
convex/xrpl/enhanced_client.ts(328,13): error TS2589: Type instantiation is excessively deep and possibly infinite.
convex/xrpl/enhanced_client.ts(333,24): error TS2589: Type instantiation is excessively deep and possibly infinite.
convex/xrpl/enhanced_client.ts(334,13): error TS2589: Type instantiation is excessively deep and possibly infinite.
convex/xrpl/enhanced_client.ts(335,12): error TS2589: Type instantiation is excessively deep and possibly infinite.
convex/xrpl/enhanced_client.ts(366,31): error TS2589: Type instantiation is excessively deep and possibly infinite.
convex/xrpl/enhanced_client.ts(410,38): error TS2589: Type instantiation is excessively deep and possibly infinite.
convex/xrpl/enhanced_client.ts(412,14): error TS2589: Type instantiation is excessively deep and possibly infinite.
convex/xrpl/enhanced_client.ts(413,14): error TS2589: Type instantiation is excessively deep and possibly infinite.
convex/xrpl/enhanced_client.ts(414,12): error TS2589: Type instantiation is excessively deep and possibly infinite.
convex/xrpl/enhanced_client.ts(437,14): error TS2589: Type instantiation is excessively deep and possibly infinite.
convex/xrpl/enhanced_client.ts(458,30): error TS2589: Type instantiation is excessively deep and possibly infinite.
convex/xrpl/hooks_integration.ts(16,37): error TS2589: Type instantiation is excessively deep and possibly infinite.
convex/xrpl/hooks_integration.ts(18,13): error TS2589: Type instantiation is excessively deep and possibly infinite.
convex/xrpl/hooks_integration.ts(22,22): error TS2589: Type instantiation is excessively deep and possibly infinite.
convex/xrpl/hooks_integration.ts(22,30): error TS2589: Type instantiation is excessively deep and possibly infinite.
convex/xrpl/hooks_integration.ts(22,39): error TS2589: Type instantiation is excessively deep and possibly infinite.
convex/xrpl/hooks_integration.ts(24,19): error TS2589: Type instantiation is excessively deep and possibly infinite.
convex/xrpl/hooks_integration.ts(27,25): error TS2589: Type instantiation is excessively deep and possibly infinite.
convex/xrpl/hooks_integration.ts(27,34): error TS2589: Type instantiation is excessively deep and possibly infinite.
convex/xrpl/hooks_integration.ts(35,12): error TS2589: Type instantiation is excessively deep and possibly infinite.
convex/xrpl/hooks_integration.ts(38,30): error TS2339: Property 'db' does not exist on type 'GenericActionCtx<any>'.
convex/xrpl/hooks_integration.ts(50,28): error TS2589: Type instantiation is excessively deep and possibly infinite.
convex/xrpl/hooks_integration.ts(50,28): error TS2589: Type instantiation is excessively deep and possibly infinite.
convex/xrpl/hooks_integration.ts(145,36): error TS2589: Type instantiation is excessively deep and possibly infinite.
convex/xrpl/hooks_integration.ts(147,13): error TS2589: Type instantiation is excessively deep and possibly infinite.
convex/xrpl/hooks_integration.ts(153,12): error TS2589: Type instantiation is excessively deep and possibly infinite.
convex/xrpl/hooks_integration.ts(160,25): error TS2589: Type instantiation is excessively deep and possibly infinite.
convex/xrpl/hooks_integration.ts(203,38): error TS2589: Type instantiation is excessively deep and possibly infinite.
convex/xrpl/hooks_integration.ts(205,13): error TS2589: Type instantiation is excessively deep and possibly infinite.
convex/xrpl/hooks_integration.ts(209,24): error TS2589: Type instantiation is excessively deep and possibly infinite.
convex/xrpl/hooks_integration.ts(209,33): error TS2589: Type instantiation is excessively deep and possibly infinite.
convex/xrpl/hooks_integration.ts(210,15): error TS2589: Type instantiation is excessively deep and possibly infinite.
convex/xrpl/hooks_integration.ts(211,18): error TS2589: Type instantiation is excessively deep and possibly infinite.
convex/xrpl/hooks_integration.ts(217,12): error TS2589: Type instantiation is excessively deep and possibly infinite.
convex/xrpl/hooks_integration.ts(220,35): error TS2339: Property 'db' does not exist on type 'GenericActionCtx<any>'.
convex/xrpl/hooks_integration.ts(222,17): error TS7006: Parameter 'q' implicitly has an 'any' type.
convex/xrpl/hooks_integration.ts(304,39): error TS2589: Type instantiation is excessively deep and possibly infinite.
convex/xrpl/hooks_integration.ts(306,13): error TS2589: Type instantiation is excessively deep and possibly infinite.
convex/xrpl/hooks_integration.ts(307,13): error TS2589: Type instantiation is excessively deep and possibly infinite.
convex/xrpl/hooks_integration.ts(310,12): error TS2589: Type instantiation is excessively deep and possibly infinite.
convex/xrpl/hooks_integration.ts(349,29): error TS2589: Type instantiation is excessively deep and possibly infinite.
convex/xrpl/hooks_integration.ts(364,33): error TS2589: Type instantiation is excessively deep and possibly infinite.
convex/xrpl/hooks_integration.ts(366,13): error TS2589: Type instantiation is excessively deep and possibly infinite.
convex/xrpl/hooks_integration.ts(378,12): error TS2589: Type instantiation is excessively deep and possibly infinite.
convex/xrpl/hooks_integration.ts(397,40): error TS2589: Type instantiation is excessively deep and possibly infinite.
convex/xrpl/hooks_integration.ts(399,13): error TS2589: Type instantiation is excessively deep and possibly infinite.
convex/xrpl/hooks_integration.ts(403,12): error TS2589: Type instantiation is excessively deep and possibly infinite.
convex/xrpl/hooks_integration.ts(413,35): error TS2589: Type instantiation is excessively deep and possibly infinite.
convex/xrpl/hooks_integration.ts(415,13): error TS2589: Type instantiation is excessively deep and possibly infinite.
convex/xrpl/hooks_integration.ts(417,12): error TS2589: Type instantiation is excessively deep and possibly infinite.
convex/xrpl/hooks_integration.ts(429,40): error TS2589: Type instantiation is excessively deep and possibly infinite.
convex/xrpl/hooks_integration.ts(431,13): error TS2589: Type instantiation is excessively deep and possibly infinite.
convex/xrpl/hooks_integration.ts(434,22): error TS2589: Type instantiation is excessively deep and possibly infinite.
convex/xrpl/hooks_integration.ts(438,12): error TS2589: Type instantiation is excessively deep and possibly infinite.
convex/xrpl/hooks_integration.ts(440,30): error TS2339: Property 'db' does not exist on type 'GenericActionCtx<any>'.
convex/xrpl/hooks_integration.ts(463,18): error TS2589: Type instantiation is excessively deep and possibly infinite.
convex/xrpl/hooks_integration.ts(485,17): error TS2339: Property 'db' does not exist on type 'GenericActionCtx<any>'.
convex/xrpl/lending_protocol.ts(97,34): error TS2589: Type instantiation is excessively deep and possibly infinite.
convex/xrpl/lending_protocol.ts(99,13): error TS2589: Type instantiation is excessively deep and possibly infinite.
convex/xrpl/lending_protocol.ts(103,24): error TS2589: Type instantiation is excessively deep and possibly infinite.
convex/xrpl/lending_protocol.ts(104,31): error TS2589: Type instantiation is excessively deep and possibly infinite.
convex/xrpl/lending_protocol.ts(107,12): error TS2589: Type instantiation is excessively deep and possibly infinite.
convex/xrpl/lending_protocol.ts(253,29): error TS2589: Type instantiation is excessively deep and possibly infinite.
convex/xrpl/lending_protocol.ts(261,12): error TS2589: Type instantiation is excessively deep and possibly infinite.
convex/xrpl/lending_protocol.ts(479,31): error TS2589: Type instantiation is excessively deep and possibly infinite.
convex/xrpl/lending_protocol.ts(490,12): error TS2589: Type instantiation is excessively deep and possibly infinite.
convex/xrpl/lending_protocol.ts(541,17): error TS2339: Property 'db' does not exist on type 'GenericActionCtx<any>'.
convex/xrpl/lending_protocol.ts(559,35): error TS2339: Property 'db' does not exist on type 'GenericActionCtx<any>'.
convex/xrpl/lending_protocol.ts(561,18): error TS7006: Parameter 'q' implicitly has an 'any' type.
convex/xrpl/lending_protocol.ts(569,19): error TS2339: Property 'db' does not exist on type 'GenericActionCtx<any>'.
convex/xrpl/lending_protocol.ts(609,26): error TS2589: Type instantiation is excessively deep and possibly infinite.
convex/xrpl/lending_protocol.ts(616,12): error TS2589: Type instantiation is excessively deep and possibly infinite.
convex/xrpl/lending_protocol.ts(619,35): error TS2339: Property 'db' does not exist on type 'GenericActionCtx<any>'.
convex/xrpl/lending_protocol.ts(621,18): error TS7006: Parameter 'q' implicitly has an 'any' type.
convex/xrpl/lending_protocol.ts(657,17): error TS2339: Property 'db' does not exist on type 'GenericActionCtx<any>'.
convex/xrpl/lending_protocol.ts(664,35): error TS2339: Property 'db' does not exist on type 'GenericActionCtx<any>'.
convex/xrpl/lending_protocol.ts(666,18): error TS7006: Parameter 'q' implicitly has an 'any' type.
convex/xrpl/lending_protocol.ts(674,19): error TS2339: Property 'db' does not exist on type 'GenericActionCtx<any>'.
convex/xrpl/mpt.ts(23,31): error TS2589: Type instantiation is excessively deep and possibly infinite.
convex/xrpl/mpt.ts(27,18): error TS2589: Type instantiation is excessively deep and possibly infinite.
convex/xrpl/mpt.ts(28,14): error TS2589: Type instantiation is excessively deep and possibly infinite.
convex/xrpl/mpt.ts(135,29): error TS2589: Type instantiation is excessively deep and possibly infinite.
convex/xrpl/mpt.ts(144,10): error TS2589: Type instantiation is excessively deep and possibly infinite.
convex/xrpl/mpt.ts(145,18): error TS2589: Type instantiation is excessively deep and possibly infinite.
convex/xrpl/mpt.ts(146,12): error TS2589: Type instantiation is excessively deep and possibly infinite.
convex/xrpl/mpt.ts(182,31): error TS2589: Type instantiation is excessively deep and possibly infinite.
convex/xrpl/mpt.ts(187,16): error TS2589: Type instantiation is excessively deep and possibly infinite.
convex/xrpl/mpt.ts(188,14): error TS2589: Type instantiation is excessively deep and possibly infinite.
convex/xrpl/mpt.ts(244,34): error TS2589: Type instantiation is excessively deep and possibly infinite.
convex/xrpl/mpt.ts(250,11): error TS2589: Type instantiation is excessively deep and possibly infinite.
convex/xrpl/mpt.ts(251,14): error TS2589: Type instantiation is excessively deep and possibly infinite.
convex/xrpl/mpt.ts(313,30): error TS2589: Type instantiation is excessively deep and possibly infinite.
convex/xrpl/mpt.ts(317,14): error TS2589: Type instantiation is excessively deep and possibly infinite.
convex/xrpl/mpt.ts(327,36): error TS2589: Type instantiation is excessively deep and possibly infinite.
convex/xrpl/mpt.ts(327,51): error TS2589: Type instantiation is excessively deep and possibly infinite.
convex/xrpl/mpt.ts(359,35): error TS2589: Type instantiation is excessively deep and possibly infinite.
convex/xrpl/mpt.ts(365,14): error TS2589: Type instantiation is excessively deep and possibly infinite.
convex/xrpl/mpt.ts(418,37): error TS2589: Type instantiation is excessively deep and possibly infinite.
convex/xrpl/mpt.ts(423,13): error TS2589: Type instantiation is excessively deep and possibly infinite.
convex/xrpl/mpt.ts(426,13): error TS2589: Type instantiation is excessively deep and possibly infinite.
convex/xrpl/mpt.ts(427,13): error TS2589: Type instantiation is excessively deep and possibly infinite.
convex/xrpl/mpt_advanced.ts(19,30): error TS2589: Type instantiation is excessively deep and possibly infinite.
convex/xrpl/mpt_advanced.ts(21,12): error TS2589: Type instantiation is excessively deep and possibly infinite.
convex/xrpl/mpt_advanced.ts(104,29): error TS2589: Type instantiation is excessively deep and possibly infinite.
convex/xrpl/mpt_advanced.ts(106,12): error TS2589: Type instantiation is excessively deep and possibly infinite.
convex/xrpl/mpt_advanced.ts(148,39): error TS2589: Type instantiation is excessively deep and possibly infinite.
convex/xrpl/mpt_advanced.ts(150,12): error TS2589: Type instantiation is excessively deep and possibly infinite.
convex/xrpl/mpt_advanced.ts(201,43): error TS2589: Type instantiation is excessively deep and possibly infinite.
convex/xrpl/mpt_advanced.ts(203,12): error TS2589: Type instantiation is excessively deep and possibly infinite.
convex/xrpl/mpt_advanced.ts(241,36): error TS2589: Type instantiation is excessively deep and possibly infinite.
convex/xrpl/mpt_advanced.ts(243,12): error TS2589: Type instantiation is excessively deep and possibly infinite.
convex/xrpl/mpt_advanced.ts(293,40): error TS2589: Type instantiation is excessively deep and possibly infinite.
convex/xrpl/mpt_advanced.ts(295,12): error TS2589: Type instantiation is excessively deep and possibly infinite.
convex/xrpl/mpt_advanced.ts(337,33): error TS2589: Type instantiation is excessively deep and possibly infinite.
convex/xrpl/mpt_advanced.ts(339,12): error TS2589: Type instantiation is excessively deep and possibly infinite.
convex/xrpl/mpt_advanced.ts(396,43): error TS2589: Type instantiation is excessively deep and possibly infinite.
convex/xrpl/mpt_advanced.ts(398,12): error TS2589: Type instantiation is excessively deep and possibly infinite.
convex/xrpl/mpt_advanced.ts(435,39): error TS2589: Type instantiation is excessively deep and possibly infinite.
convex/xrpl/mpt_advanced.ts(437,12): error TS2589: Type instantiation is excessively deep and possibly infinite.
convex/xrpl/mpt_advanced.ts(484,47): error TS2589: Type instantiation is excessively deep and possibly infinite.
convex/xrpl/mpt_advanced.ts(486,12): error TS2589: Type instantiation is excessively deep and possibly infinite.
convex/xrpl/mpt_advanced.ts(516,34): error TS2589: Type instantiation is excessively deep and possibly infinite.
convex/xrpl/mpt_advanced.ts(518,12): error TS2589: Type instantiation is excessively deep and possibly infinite.
convex/xrpl/mpt_advanced.ts(542,29): error TS2589: Type instantiation is excessively deep and possibly infinite.
convex/xrpl/mpt_advanced.ts(544,12): error TS2589: Type instantiation is excessively deep and possibly infinite.
convex/xrpl/mpt_advanced.ts(581,37): error TS2589: Type instantiation is excessively deep and possibly infinite.
convex/xrpl/mpt_advanced.ts(583,12): error TS2589: Type instantiation is excessively deep and possibly infinite.
convex/xrpl/mpt_operations.ts(10,36): error TS2589: Type instantiation is excessively deep and possibly infinite.
convex/xrpl/mpt_operations.ts(15,20): error TS2589: Type instantiation is excessively deep and possibly infinite.
convex/xrpl/mpt_operations.ts(17,12): error TS2589: Type instantiation is excessively deep and possibly infinite.
convex/xrpl/mpt_operations.ts(60,38): error TS2589: Type instantiation is excessively deep and possibly infinite.
convex/xrpl/mpt_operations.ts(65,22): error TS2589: Type instantiation is excessively deep and possibly infinite.
convex/xrpl/mpt_operations.ts(67,12): error TS2589: Type instantiation is excessively deep and possibly infinite.
convex/xrpl/mpt_operations.ts(110,39): error TS2589: Type instantiation is excessively deep and possibly infinite.
convex/xrpl/mpt_operations.ts(116,12): error TS2589: Type instantiation is excessively deep and possibly infinite.
convex/xrpl/mpt_operations.ts(156,38): error TS2589: Type instantiation is excessively deep and possibly infinite.
convex/xrpl/mpt_operations.ts(165,12): error TS2589: Type instantiation is excessively deep and possibly infinite.
convex/xrpl/mpt_operations.ts(178,16): error TS2589: Type instantiation is excessively deep and possibly infinite.
convex/xrpl/permissioned_dex.ts(18,38): error TS2589: Type instantiation is excessively deep and possibly infinite.
convex/xrpl/permissioned_dex.ts(21,23): error TS2589: Type instantiation is excessively deep and possibly infinite.
convex/xrpl/permissioned_dex.ts(21,32): error TS2589: Type instantiation is excessively deep and possibly infinite.
convex/xrpl/permissioned_dex.ts(25,21): error TS2589: Type instantiation is excessively deep and possibly infinite.
convex/xrpl/permissioned_dex.ts(25,29): error TS2589: Type instantiation is excessively deep and possibly infinite.
convex/xrpl/permissioned_dex.ts(25,38): error TS2589: Type instantiation is excessively deep and possibly infinite.
convex/xrpl/permissioned_dex.ts(31,23): error TS2589: Type instantiation is excessively deep and possibly infinite.
convex/xrpl/permissioned_dex.ts(37,31): error TS2589: Type instantiation is excessively deep and possibly infinite.
convex/xrpl/permissioned_dex.ts(40,37): error TS2589: Type instantiation is excessively deep and possibly infinite.
convex/xrpl/permissioned_dex.ts(41,35): error TS2589: Type instantiation is excessively deep and possibly infinite.
convex/xrpl/permissioned_dex.ts(42,24): error TS2589: Type instantiation is excessively deep and possibly infinite.
convex/xrpl/permissioned_dex.ts(42,33): error TS2589: Type instantiation is excessively deep and possibly infinite.
convex/xrpl/permissioned_dex.ts(48,30): error TS2589: Type instantiation is excessively deep and possibly infinite.
convex/xrpl/permissioned_dex.ts(58,12): error TS2589: Type instantiation is excessively deep and possibly infinite.
convex/xrpl/permissioned_dex.ts(214,40): error TS2589: Type instantiation is excessively deep and possibly infinite.
convex/xrpl/permissioned_dex.ts(218,19): error TS2589: Type instantiation is excessively deep and possibly infinite.
convex/xrpl/permissioned_dex.ts(218,28): error TS2589: Type instantiation is excessively deep and possibly infinite.
convex/xrpl/permissioned_dex.ts(219,13): error TS2589: Type instantiation is excessively deep and possibly infinite.
convex/xrpl/permissioned_dex.ts(219,21): error TS2589: Type instantiation is excessively deep and possibly infinite.
convex/xrpl/permissioned_dex.ts(219,39): error TS2589: Type instantiation is excessively deep and possibly infinite.
convex/xrpl/permissioned_dex.ts(224,18): error TS2589: Type instantiation is excessively deep and possibly infinite.
convex/xrpl/permissioned_dex.ts(225,9): error TS2589: Type instantiation is excessively deep and possibly infinite.
convex/xrpl/permissioned_dex.ts(226,9): error TS2589: Type instantiation is excessively deep and possibly infinite.
convex/xrpl/permissioned_dex.ts(227,9): error TS2589: Type instantiation is excessively deep and possibly infinite.
convex/xrpl/permissioned_dex.ts(228,9): error TS2589: Type instantiation is excessively deep and possibly infinite.
convex/xrpl/permissioned_dex.ts(229,9): error TS2589: Type instantiation is excessively deep and possibly infinite.
convex/xrpl/permissioned_dex.ts(230,9): error TS2589: Type instantiation is excessively deep and possibly infinite.
convex/xrpl/permissioned_dex.ts(232,20): error TS2589: Type instantiation is excessively deep and possibly infinite.
convex/xrpl/permissioned_dex.ts(233,9): error TS2589: Type instantiation is excessively deep and possibly infinite.
convex/xrpl/permissioned_dex.ts(234,9): error TS2589: Type instantiation is excessively deep and possibly infinite.
convex/xrpl/permissioned_dex.ts(235,9): error TS2589: Type instantiation is excessively deep and possibly infinite.
convex/xrpl/permissioned_dex.ts(236,9): error TS2589: Type instantiation is excessively deep and possibly infinite.
convex/xrpl/permissioned_dex.ts(238,27): error TS2589: Type instantiation is excessively deep and possibly infinite.
convex/xrpl/permissioned_dex.ts(238,38): error TS2589: Type instantiation is excessively deep and possibly infinite.
convex/xrpl/permissioned_dex.ts(239,9): error TS2589: Type instantiation is excessively deep and possibly infinite.
convex/xrpl/permissioned_dex.ts(240,9): error TS2589: Type instantiation is excessively deep and possibly infinite.
convex/xrpl/permissioned_dex.ts(241,9): error TS2589: Type instantiation is excessively deep and possibly infinite.
convex/xrpl/permissioned_dex.ts(242,9): error TS2589: Type instantiation is excessively deep and possibly infinite.
convex/xrpl/permissioned_dex.ts(244,17): error TS2589: Type instantiation is excessively deep and possibly infinite.
convex/xrpl/permissioned_dex.ts(245,24): error TS2589: Type instantiation is excessively deep and possibly infinite.
convex/xrpl/permissioned_dex.ts(247,21): error TS2589: Type instantiation is excessively deep and possibly infinite.
convex/xrpl/permissioned_dex.ts(247,30): error TS2589: Type instantiation is excessively deep and possibly infinite.
convex/xrpl/permissioned_dex.ts(252,22): error TS2589: Type instantiation is excessively deep and possibly infinite.
convex/xrpl/permissioned_dex.ts(260,12): error TS2589: Type instantiation is excessively deep and possibly infinite.
convex/xrpl/permissioned_dex.ts(365,41): error TS2589: Type instantiation is excessively deep and possibly infinite.
convex/xrpl/permissioned_dex.ts(368,21): error TS2589: Type instantiation is excessively deep and possibly infinite.
convex/xrpl/permissioned_dex.ts(368,30): error TS2589: Type instantiation is excessively deep and possibly infinite.
convex/xrpl/permissioned_dex.ts(374,31): error TS2589: Type instantiation is excessively deep and possibly infinite.
convex/xrpl/permissioned_dex.ts(377,27): error TS2589: Type instantiation is excessively deep and possibly infinite.
convex/xrpl/permissioned_dex.ts(382,27): error TS2589: Type instantiation is excessively deep and possibly infinite.
convex/xrpl/permissioned_dex.ts(382,36): error TS2589: Type instantiation is excessively deep and possibly infinite.
convex/xrpl/permissioned_dex.ts(390,12): error TS2589: Type instantiation is excessively deep and possibly infinite.
convex/xrpl/permissioned_domains.ts(8,41): error TS2589: Type instantiation is excessively deep and possibly infinite.
convex/xrpl/permissioned_domains.ts(10,13): error TS2589: Type instantiation is excessively deep and possibly infinite.
convex/xrpl/permissioned_domains.ts(14,18): error TS2589: Type instantiation is excessively deep and possibly infinite.
convex/xrpl/permissioned_domains.ts(14,26): error TS2589: Type instantiation is excessively deep and possibly infinite.
convex/xrpl/permissioned_domains.ts(14,35): error TS2589: Type instantiation is excessively deep and possibly infinite.
convex/xrpl/permissioned_domains.ts(22,31): error TS2589: Type instantiation is excessively deep and possibly infinite.
convex/xrpl/permissioned_domains.ts(24,12): error TS2589: Type instantiation is excessively deep and possibly infinite.
convex/xrpl/permissioned_domains.ts(42,16): error TS2589: Type instantiation is excessively deep and possibly infinite.
convex/xrpl/permissioned_domains.ts(95,28): error TS2589: Type instantiation is excessively deep and possibly infinite.
convex/xrpl/permissioned_domains.ts(98,13): error TS2589: Type instantiation is excessively deep and possibly infinite.
convex/xrpl/permissioned_domains.ts(101,18): error TS2589: Type instantiation is excessively deep and possibly infinite.
convex/xrpl/permissioned_domains.ts(101,26): error TS2589: Type instantiation is excessively deep and possibly infinite.
convex/xrpl/permissioned_domains.ts(101,35): error TS2589: Type instantiation is excessively deep and possibly infinite.
convex/xrpl/permissioned_domains.ts(107,24): error TS2589: Type instantiation is excessively deep and possibly infinite.
convex/xrpl/permissioned_domains.ts(108,24): error TS2589: Type instantiation is excessively deep and possibly infinite.
convex/xrpl/permissioned_domains.ts(111,31): error TS2589: Type instantiation is excessively deep and possibly infinite.
convex/xrpl/permissioned_domains.ts(113,13): error TS2589: Type instantiation is excessively deep and possibly infinite.
convex/xrpl/permissioned_domains.ts(114,7): error TS2589: Type instantiation is excessively deep and possibly infinite.
convex/xrpl/permissioned_domains.ts(115,7): error TS2589: Type instantiation is excessively deep and possibly infinite.
convex/xrpl/permissioned_domains.ts(116,7): error TS2589: Type instantiation is excessively deep and possibly infinite.
convex/xrpl/permissioned_domains.ts(119,12): error TS2589: Type instantiation is excessively deep and possibly infinite.
convex/xrpl/permissioned_domains.ts(138,42): error TS2589: Type instantiation is excessively deep and possibly infinite.
convex/xrpl/permissioned_domains.ts(147,12): error TS2589: Type instantiation is excessively deep and possibly infinite.
convex/xrpl/permissioned_domains.ts(154,16): error TS2589: Type instantiation is excessively deep and possibly infinite.
convex/xrpl/permissioned_domains.ts(191,39): error TS2589: Type instantiation is excessively deep and possibly infinite.
convex/xrpl/permissioned_domains.ts(197,12): error TS2589: Type instantiation is excessively deep and possibly infinite.
convex/xrpl/permissioned_domains.ts(226,35): error TS2589: Type instantiation is excessively deep and possibly infinite.
convex/xrpl/permissioned_domains.ts(230,18): error TS2589: Type instantiation is excessively deep and possibly infinite.
convex/xrpl/permissioned_domains.ts(230,26): error TS2589: Type instantiation is excessively deep and possibly infinite.
convex/xrpl/permissioned_domains.ts(230,35): error TS2589: Type instantiation is excessively deep and possibly infinite.
convex/xrpl/permissioned_domains.ts(234,23): error TS2589: Type instantiation is excessively deep and possibly infinite.
convex/xrpl/permissioned_domains.ts(238,12): error TS2589: Type instantiation is excessively deep and possibly infinite.
convex/xrpl/permissioned_domains.ts(270,56): error TS7006: Parameter 'cred' implicitly has an 'any' type.
convex/xrpl/permissioned_domains.ts(311,7): error TS2589: Type instantiation is excessively deep and possibly infinite.
convex/xrpl/permissioned_domains.ts(316,34): error TS2589: Type instantiation is excessively deep and possibly infinite.
convex/xrpl/permissioned_domains.ts(324,12): error TS2589: Type instantiation is excessively deep and possibly infinite.
convex/xrpl/permissioned_domains.ts(331,16): error TS2589: Type instantiation is excessively deep and possibly infinite.
convex/xrpl/permissioned_domains.ts(368,39): error TS2589: Type instantiation is excessively deep and possibly infinite.
convex/xrpl/permissioned_domains.ts(374,12): error TS2589: Type instantiation is excessively deep and possibly infinite.
convex/xrpl/permissioned_domains.ts(403,35): error TS2589: Type instantiation is excessively deep and possibly infinite.
convex/xrpl/permissioned_domains.ts(411,12): error TS2589: Type instantiation is excessively deep and possibly infinite.
convex/xrpl/permissioned_domains.ts(418,16): error TS2589: Type instantiation is excessively deep and possibly infinite.
convex/xrpl/permissioned_domains.ts(455,30): error TS2589: Type instantiation is excessively deep and possibly infinite.
convex/xrpl/permissioned_domains.ts(459,12): error TS2589: Type instantiation is excessively deep and possibly infinite.
convex/xrpl/permissioned_domains.ts(482,34): error TS2589: Type instantiation is excessively deep and possibly infinite.
convex/xrpl/permissioned_domains.ts(484,13): error TS2589: Type instantiation is excessively deep and possibly infinite.
convex/xrpl/permissioned_domains.ts(486,12): error TS2589: Type instantiation is excessively deep and possibly infinite.
convex/xrpl/permissioned_domains.ts(494,40): error TS2589: Type instantiation is excessively deep and possibly infinite.
convex/xrpl/permissioned_domains.ts(497,18): error TS2589: Type instantiation is excessively deep and possibly infinite.
convex/xrpl/permissioned_domains.ts(497,26): error TS2589: Type instantiation is excessively deep and possibly infinite.
convex/xrpl/permissioned_domains.ts(497,35): error TS2589: Type instantiation is excessively deep and possibly infinite.
convex/xrpl/permissioned_domains.ts(506,12): error TS2589: Type instantiation is excessively deep and possibly infinite.
convex/xrpl/permissioned_domains.ts(513,16): error TS2589: Type instantiation is excessively deep and possibly infinite.
convex/xrpl/permissioned_domains.ts(528,32): error TS2339: Property 'db' does not exist on type 'GenericActionCtx<any>'.
convex/xrpl/permissioned_domains.ts(530,17): error TS7006: Parameter 'q' implicitly has an 'any' type.
convex/xrpl/permissioned_domains.ts(534,19): error TS2339: Property 'db' does not exist on type 'GenericActionCtx<any>'.
